cargo :    Compiling proc-macro2 v1.0.107
所在位置 行:1 字符: 1
+ cargo test --workspace -j 2 --manifest-path "D:\RdataStation\RDS\Rdat ...
+ ~~~~~~~~~~~~~~~~~~~~~~~~~~~~~~~~~~~~~~~~~~~~~~~~~~~~~~~~~~~~~~~~~~~~~
    + CategoryInfo          : NotSpecified: (   Compiling proc-macro2 v1.0.107:String) [], RemoteException
    + FullyQualifiedErrorId : NativeCommandError
 
   Compiling unicode-ident v1.0.24
   Compiling quote v1.0.47
   Compiling cfg-if v1.0.4
   Compiling serde_core v1.0.229
   Compiling syn v3.0.5
   Compiling syn v2.0.119
   Compiling serde v1.0.229
   Compiling serde_derive v1.0.229
   Compiling windows-link v0.2.1
   Compiling version_check v0.9.5
   Compiling memchr v2.8.3
   Compiling libm v0.2.16
   Compiling typeid v1.0.3
   Compiling erased-serde v0.4.10
   Compiling typenum v1.20.1
   Compiling serde_fmt v1.1.0
   Compiling value-bag-serde1 v1.14.1
   Compiling getrandom v0.2.17
   Compiling value-bag v1.14.1
   Compiling zeroize v1.9.0
   Compiling log v0.4.34
   Compiling rand_core v0.6.4
   Compiling hashbrown v0.17.1
   Compiling equivalent v1.0.2
   Compiling autocfg v1.5.1
   Compiling smallvec v1.16.0
   Compiling indexmap v2.14.2
   Compiling num-traits v0.2.19
   Compiling scopeguard v1.2.0
   Compiling const-oid v0.9.6
   Compiling getrandom v0.4.3
   Compiling generic-array v0.14.7
   Compiling bytes v1.12.1
   Compiling windows-sys v0.61.2
   Compiling itoa v1.0.18
   Compiling subtle v2.6.1
   Compiling jobserver v0.1.35
   Compiling lock_api v0.4.14
   Compiling pin-project-lite v0.2.17
   Compiling shlex v2.0.1
   Compiling find-msvc-tools v0.1.12
   Compiling cc v1.4.5
   Compiling crypto-common v0.1.7
   Compiling once_cell v1.21.4
   Compiling bitflags v2.13.1
   Compiling futures-core v0.3.34
   Compiling parking_lot_core v0.9.12
   Compiling zerocopy v0.8.57
   Compiling zmij v1.0.23
   Compiling block-buffer v0.10.4
   Compiling zerocopy-derive v0.8.57
   Compiling digest v0.10.7
   Compiling futures-io v0.3.34
   Compiling cpufeatures v0.2.17
   Compiling parking_lot v0.12.5
   Compiling futures-task v0.3.34
   Compiling bytemuck v1.25.2
   Compiling slab v0.4.12
   Compiling crc32fast v1.5.1
   Compiling allocator-api2 v0.2.21
   Compiling ppv-lite86 v0.2.21
   Compiling synstructure v0.13.2
   Compiling futures-sink v0.3.34
   Compiling crossbeam-utils v0.8.23
   Compiling aho-corasick v1.1.5
   Compiling regex-syntax v0.8.11
   Compiling futures-channel v0.3.34
   Compiling futures-macro v0.3.34
   Compiling percent-encoding v2.3.2
   Compiling futures-util v0.3.34
   Compiling base64 v0.22.1
   Compiling serde_json v1.0.151
   Compiling stable_deref_trait v1.2.1
   Compiling thiserror v2.0.20
   Compiling semver v1.0.28
   Compiling either v1.18.0
   Compiling thiserror-impl v2.0.20
   Compiling adler2 v2.0.1
   Compiling sha2 v0.10.9
   Compiling displaydoc v0.2.7
   Compiling heck v0.5.0
   Compiling windows_x86_64_msvc v0.52.6
   Compiling rand_chacha v0.3.1
   Compiling getrandom v0.3.4
   Compiling rand v0.8.8
   Compiling windows-targets v0.52.6
   Compiling zerofrom-derive v0.1.7
   Compiling chrono v0.4.45
   Compiling tracing-attributes v0.1.31
   Compiling zerofrom v0.1.8
   Compiling yoke-derive v0.8.2
   Compiling yoke v0.8.3
   Compiling block-padding v0.3.3
   Compiling inout v0.1.4
   Compiling zerovec-derive v0.11.6
   Compiling foldhash v0.1.5
   Compiling hashbrown v0.15.5
   Compiling zerovec v0.11.8
   Compiling cipher v0.4.4
   Compiling socket2 v0.6.5
   Compiling mio v1.2.3
   Compiling tracing-core v0.1.36
   Compiling num-integer v0.1.47
   Compiling tokio-macros v2.7.2
   Compiling libc v0.2.189
   Compiling tokio v1.53.1
   Compiling rand_core v0.10.1
   Compiling tracing v0.1.44
   Compiling tinystr v0.8.4
   Compiling rustc_version v0.4.1
   Compiling regex-automata v0.4.18
   Compiling simd-adler32 v0.3.10
   Compiling litemap v0.8.3
   Compiling writeable v0.6.4
   Compiling icu_locale_core v2.3.0
   Compiling potential_utf v0.1.6
   Compiling zerotrie v0.2.5
   Compiling utf8_iter v1.0.4
   Compiling icu_normalizer_data v2.3.0
   Compiling icu_collections v2.3.0
   Compiling icu_provider v2.3.1
   Compiling half v2.7.1
   Compiling ring v0.17.14
   Compiling siphasher v1.0.3
   Compiling icu_properties_data v2.3.0
   Compiling ryu v1.0.23
   Compiling thiserror v1.0.69
   Compiling md-5 v0.10.6
   Compiling thiserror-impl v1.0.69
   Compiling num-complex v0.4.6
   Compiling rustls-pki-types v1.15.1
   Compiling anyhow v1.0.104
   Compiling miniz_oxide v0.9.1
   Compiling num-bigint v0.4.8
   Compiling icu_properties v2.3.0
   Compiling untrusted v0.9.0
   Compiling pkg-config v0.3.34
   Compiling crossbeam-epoch v0.9.21
   Compiling flate2 v1.1.10
   Compiling aes v0.8.4
   Compiling atomic v0.6.1
   Compiling spin v0.9.9
   Compiling ahash v0.8.12
   Compiling sha1_smol v1.0.1
   Compiling rustc-hash v2.1.3
   Compiling unicode-width v0.2.2
   Compiling winapi v0.3.9
   Compiling parking v2.2.1
   Compiling uuid v1.26.0
   Compiling futures-executor v0.3.34
   Compiling crossbeam-deque v0.8.8
   Compiling windows_x86_64_msvc v0.48.5
   Compiling futures v0.3.34
   Compiling hmac v0.12.1
   Compiling simdutf8 v0.1.5
   Compiling base64ct v1.8.3
   Compiling unicode-segmentation v1.13.3
   Compiling byteorder v1.5.0
   Compiling pem-rfc7468 v0.7.0
   Compiling lazy_static v1.5.0
   Compiling foldhash v0.2.0
   Compiling tinyvec_macros v0.1.1
   Compiling hashbrown v0.16.1
   Compiling tinyvec v1.13.2
   Compiling windows-targets v0.48.5
   Compiling windows-sys v0.48.0
   Compiling event-listener v5.4.2
   Compiling unicode-properties v0.1.4
   Compiling pbkdf2 v0.12.2
   Compiling regex v1.13.1
   Compiling tokio-util v0.7.19
   Compiling unicode-bidi v0.3.18
   Compiling der v0.7.10
   Compiling arrow-buffer v58.4.0
   Compiling webpki-roots v1.0.9
   Compiling icu_normalizer v2.3.0
   Compiling salsa20 v0.10.2
   Compiling cbc v0.1.2
   Compiling arrow-schema v58.4.0
   Compiling cmake v0.1.58
   Compiling num-conv v0.2.2
   Compiling time-core v0.1.9
   Compiling time-macros v0.2.32
   Compiling arrow-data v58.4.0
   Compiling scrypt v0.11.0
   Compiling idna_adapter v1.2.2
   Compiling spki v0.7.3
   Compiling form_urlencoded v1.2.2
   Compiling atoi v2.0.0
   Compiling powerfmt v0.2.0
   Compiling deranged v0.5.8
   Compiling base64 v0.23.1
   Compiling time v0.3.55
   Compiling pkcs5 v0.7.1
   Compiling arrow-array v58.4.0
   Compiling idna v1.1.0
   Compiling url v2.5.8
   Compiling pkcs8 v0.10.2
   Compiling hashlink v0.10.0
   Compiling hybrid-array v0.4.15
   Compiling lexical-util v1.0.7
   Compiling schannel v0.1.29
   Compiling crypto-common v0.2.2
   Compiling block-buffer v0.12.1
   Compiling arrow-select v58.4.0
   Compiling universal-hash v0.5.1
   Compiling async-trait v0.1.92
   Compiling filetime v0.2.29
   Compiling const-oid v0.10.2
   Compiling winnow v0.7.15
   Compiling httparse v1.10.1
   Compiling option-ext v0.2.0
   Compiling opaque-debug v0.3.1
   Compiling vcpkg v0.2.15
   Compiling dirs-sys v0.4.1
   Compiling lexical-parse-integer v1.0.6
   Compiling lexical-write-integer v1.0.6
   Compiling crossterm_winapi v0.9.1
   Compiling cpufeatures v0.3.1
   Compiling hex v0.4.3
   Compiling fnv v1.0.7
   Compiling utf8-zero v0.8.1
   Compiling rustls v0.23.44
   Compiling num-bigint-dig v0.8.6
   Compiling minimal-lexical v0.2.1
   Compiling rustls-webpki v0.103.15
   Compiling crossterm v0.28.1
   Compiling lexical-write-float v1.0.6
   Compiling lexical-parse-float v1.0.6
   Compiling dirs v5.0.1
   Compiling polyval v0.6.2
   Compiling hkdf v0.12.4
   Compiling signature v2.2.0
   Compiling http v1.5.0
   Compiling bumpalo v3.20.3
   Compiling zlib-rs v0.6.7
   Compiling ureq-proto v0.6.2
   Compiling zopfli v0.8.3
   Compiling ghash v0.5.1
   Compiling lexical-core v1.0.6
   Compiling comfy-table v7.1.4
   Compiling arrow-ord v58.4.0
   Compiling hashbrown v0.14.5
   Compiling flatbuffers v25.12.19
   Compiling ctr v0.9.2
   Compiling crossbeam-queue v0.3.14
   Compiling aead v0.5.2
   Compiling glob v0.3.4
   Compiling native-tls v0.2.18
   Compiling cmov v0.5.4
   Compiling ctutils v0.4.2
   Compiling aes-gcm v0.10.3
   Compiling ureq v3.4.1
   Compiling arrow-cast v58.4.0
   Compiling zip v6.0.0
   Compiling tar v0.4.46
   Compiling ff v0.13.1
   Compiling csv-core v0.1.13
   Compiling base16ct v0.2.0
   Compiling sec1 v0.7.3
   Compiling csv v1.4.0
   Compiling group v0.13.0
   Compiling libduckdb-sys v1.10505.0
   Compiling digest v0.11.3
   Compiling libsqlite3-sys v0.30.1
   Compiling unicode-normalization v0.1.25
   Compiling sharded-slab v0.1.7
   Compiling zstd-sys v2.1.0+zstd.1.5.7
   Compiling matchers v0.2.0
   Compiling tracing-serde v0.2.0
   Compiling tracing-log v0.2.0
   Compiling nu-ansi-term v0.50.3
   Compiling crypto-bigint v0.5.5
   Compiling thread_local v1.1.10
   Compiling tracing-subscriber v0.3.23
   Compiling elliptic-curve v0.13.8
   Compiling stringprep v0.1.5
   Compiling arrow-ipc v58.4.0
   Compiling arrow-csv v58.4.0
   Compiling arrow-json v58.4.0
   Compiling dashmap v6.2.1
   Compiling arrow-string v58.4.0
   Compiling arrow-arith v58.4.0
   Compiling arrow-row v58.4.0
   Compiling specta v2.0.0-rc.25
   Compiling windows-result v0.2.0
   Compiling strum_macros v0.27.2
   Compiling pin-project-internal v1.1.13
   Compiling fallible-iterator v0.3.0
   Compiling Inflector v0.11.4
   Compiling static_assertions v1.1.0
   Compiling fallible-streaming-iterator v0.1.9
   Compiling specta-macros v2.0.0-rc.25
   Compiling pin-project v1.1.13
   Compiling strum v0.27.2
   Compiling windows-strings v0.1.0
   Compiling arrow v58.4.0
   Compiling hashlink v0.9.1
   Compiling rfc6979 v0.4.0
   Compiling num-iter v0.1.46
   Compiling lru v0.12.5
   Compiling windows-interface v0.58.0
   Compiling windows-implement v0.58.0
   Compiling zstd-safe v7.3.0
   Compiling cast v0.3.0
   Compiling crc-catalog v2.5.0
   Compiling crc v3.4.0
   Compiling windows-core v0.58.0
   Compiling ecdsa v0.16.9
   Compiling rusqlite v0.32.1
   Compiling primeorder v0.13.6
   Compiling sha2 v0.11.0
   Compiling pkcs1 v0.7.5
   Compiling tokio-stream v0.1.19
   Compiling curve25519-dalek v4.1.3
   Compiling sha1 v0.10.7
   Compiling rsa v0.9.10
   Compiling windows v0.58.0
   Compiling clang-sys v1.9.1
   Compiling nom v7.1.3
   Compiling ssh-encoding v0.2.0
   Compiling home v0.5.12
   Compiling windows-strings v0.5.1
   Compiling windows-result v0.4.1
   Compiling curve25519-dalek-derive v0.1.1
   Compiling rusticata-macros v4.1.0
   Compiling zstd v0.13.3
   Compiling tokio-native-tls v0.3.1
   Compiling ed25519 v2.2.3
   Compiling poly1305 v0.8.0
   Compiling blowfish v0.9.1
   Compiling chacha20 v0.9.1
   Compiling asn1-rs-derive v0.6.0
   Compiling serde_spanned v0.6.9
   Compiling toml_datetime v0.6.11
   Compiling asn1-rs-impl v0.2.0
   Compiling dotenvy v0.15.7
   Compiling toml_write v0.1.2
   Compiling arrayvec v0.7.8
   Compiling whoami v1.6.1
   Compiling toml_edit v0.22.27
   Compiling asn1-rs v0.7.2
   Compiling ssh-cipher v0.2.0
   Compiling bcrypt-pbkdf v0.10.0
   Compiling ed25519-dalek v2.2.0
   Compiling futures-intrusive v0.5.0
   Compiling p521 v0.13.3
   Compiling p384 v0.13.1
   Compiling p256 v0.13.2
   Compiling chacha20 v0.10.2
   Compiling tokio-socks v0.5.3
   Compiling libloading v0.8.9
   Compiling delegate v0.13.5
   Compiling oid-registry v0.8.1
   Compiling bindgen v0.72.1
   Compiling fastrand v2.5.0
   Compiling data-encoding v2.11.1
   Compiling sqlx-core v0.8.6
   Compiling pageant v0.0.1
   Compiling rand v0.10.2
   Compiling cexpr v0.6.0
   Compiling ssh-key v0.6.7
   Compiling toml v0.8.23
   Compiling russh-cryptovec v0.48.0
   Compiling russh-util v0.48.0
   Compiling windows-sys v0.52.0
   Compiling itertools v0.13.0
   Compiling serde_bytes v0.11.19
   Compiling shlex v1.3.0
   Compiling winnow v1.0.4
   Compiling md5 v0.7.0
   Compiling russh-keys v0.49.2
   Compiling toml_parser v1.1.3+spec-1.1.0
   Compiling russh-sftp v2.4.0
   Compiling etcetera v0.8.0
   Compiling subprocess v0.2.15
   Compiling der-parser v10.0.0
   Compiling hmac v0.13.0
   Compiling md-5 v0.11.0
   Compiling des v0.8.1
   Compiling hex-literal v0.4.1
   Compiling dunce v1.0.5
   Compiling fallible-iterator v0.2.0
   Compiling rustversion v1.0.23
   Compiling postgres-protocol v0.6.12
   Compiling russh v0.49.2
   Compiling sqlx-mysql v0.8.6
   Compiling x509-parser v0.17.0
   Compiling mysql_common v0.32.4
   Compiling sqlx-postgres v0.8.6
   Compiling phf_shared v0.13.1
   Compiling crossbeam-channel v0.5.17
   Compiling winapi-util v0.1.11
   Compiling serde_spanned v1.1.1
   Compiling phf v0.13.1
   Compiling sqlx-macros-core v0.8.6
   Compiling postgres-types v0.2.14
   Compiling btoi v0.4.3
   Compiling whoami v2.1.3
   Compiling saturating v0.1.0
   Compiling base64 v0.21.7
   Compiling tokio-postgres v0.7.18
   Compiling sqlx-macros v0.8.6
   Compiling crossbeam v0.8.5
   Compiling socket2 v0.5.10
   Compiling twox-hash v1.6.3
   Compiling pem v3.0.6
   Compiling keyed_priority_queue v0.4.2
   Compiling include_dir_macros v0.7.4
   Compiling symlink v0.1.0
   Compiling target-features v0.1.6
   Compiling tracing-appender v0.2.5
   Compiling include_dir v0.7.4
   Compiling mysql_async v0.34.2
   Compiling sqlx v0.8.6
   Compiling postgres-native-tls v0.5.3
   Compiling sqlglot-rust v0.9.25
   Compiling toml_datetime v1.1.1+spec-1.1.0
   Compiling fs_extra v1.3.0
   Compiling rustc-demangle v0.1.28
   Compiling unicode-xid v0.2.6
   Compiling aws-lc-sys v0.45.0
   Compiling http-body v1.1.0
   Compiling windows-interface v0.59.3
   Compiling windows-implement v0.60.2
   Compiling toml_writer v1.1.2+spec-1.1.0
   Compiling atomic-waker v1.1.2
   Compiling rayon-core v1.13.0
   Compiling windows-core v0.62.2
   Compiling multiversion-macros v0.8.0
   Compiling encoding_rs v0.8.40
   Compiling bitflags v1.3.2
   Compiling multiversion v0.8.0
   Compiling itertools v0.14.0
   Compiling multiversion_no_op v1.0.0
   Compiling aws-lc-rs v1.18.1
   Compiling core_detect v1.0.0
   Compiling ipnet v2.12.2
   Compiling rayon v1.12.0
   Compiling toml_edit v0.25.13+spec-1.1.0
   Compiling windows-registry v0.6.1
   Compiling rand_core v0.9.5
   Compiling concurrent-queue v2.5.0
   Compiling bstr v1.13.1
   Compiling rand_chacha v0.9.0
   Compiling proc-macro-crate v3.5.0
   Compiling futures-lite v2.6.1
   Compiling slotmap v1.1.1
   Compiling which v8.0.6
   Compiling wasmtime-internal-core v43.0.2
   Compiling gpui-pre-util v0.3.4
   Compiling same-file v1.0.6
   Compiling rand v0.9.5
   Compiling serde_urlencoded v0.7.1
   Compiling event-listener-strategy v0.5.4
   Compiling phf_shared v0.11.3
   Compiling miniz_oxide v0.8.9
   Compiling core_maths v0.1.1
   Compiling async-task v4.7.1
   Compiling float-cmp v0.9.0
   Compiling rustix v1.1.4
   Compiling strict-num v0.1.1
   Compiling ttf-parser v0.25.1
   Compiling walkdir v2.5.0
   Compiling globset v0.4.20
   Compiling fdeflate v0.3.7
   Compiling errno v0.3.14
   Compiling vswhom-sys v0.1.3
   Compiling euclid v0.22.14
   Compiling weezl v0.1.12
   Compiling arrayref v0.3.9
   Compiling unicase v2.9.0
   Compiling mime v0.3.17
   Compiling tiny-skia-path v0.11.4
   Compiling cranelift-bitset v0.130.2
   Compiling async-channel v2.5.0
   Compiling gpui-pre-collections v0.3.4
   Compiling unicode-ccc v0.4.0
   Compiling color_quant v1.1.0
   Compiling paste v1.0.15
   Compiling try-lock v0.2.5
   Compiling quick-error v2.0.1
   Compiling unicode-script v0.5.8
   Compiling unicode-bidi-mirroring v0.4.0
   Compiling memmap2 v0.9.11
   Compiling libbz2-rs-sys v0.2.5
   Compiling tower-service v0.3.3
   Compiling bzip2 v0.6.1
   Compiling fontdb v0.23.0
   Compiling rustybuzz v0.20.1
   Compiling want v0.3.1
   Compiling lyon_geom v1.0.19
   Compiling phf_generator v0.11.3
   Compiling h2 v0.4.19
   Compiling polycool v0.4.0
   Compiling convert_case v0.10.0
   Compiling windows-sys v0.59.0
   Compiling simplecss v0.2.2
   Compiling pulp v0.22.3
   Compiling xmlwriter v0.1.0
   Compiling ref-cast v1.0.27
   Compiling compression-core v0.4.33
   Compiling zune-core v0.5.3
   Compiling data-url v0.3.2
   Compiling pico-args v0.5.0
   Compiling target-lexicon v0.13.5
   Compiling byteorder-lite v0.1.0
   Compiling unicode-vo v0.1.0
   Compiling image-webp v0.2.4
   Compiling zune-jpeg v0.5.15
   Compiling compression-codecs v0.4.40
   Compiling winreg v0.55.0
   Compiling derive_more-impl v2.1.1
   Compiling kurbo v0.13.1
   Compiling hyper v1.11.1
   Compiling lyon_path v1.0.19
   Compiling vswhom v0.1.0
   Compiling png v0.17.16
   Compiling toml v1.1.5+spec-1.1.0
   Compiling raw-cpuid v11.6.0
   Compiling windows-threading v0.2.1
   Compiling enumn v0.1.14
   Compiling ref-cast-impl v1.0.27
   Compiling serde_derive_internals v0.30.0
   Compiling gpui-pre-ztracing v0.3.4
   Compiling cranelift-srcgen v0.130.2
   Compiling reborrow v0.5.5
   Compiling heapless v0.9.3
   Compiling pulp-wasm-simd-flag v0.1.1
   Compiling new_debug_unreachable v1.0.6
   Compiling cranelift-assembler-x64-meta v0.130.2
   Compiling schemars_derive v1.2.2
   Compiling accesskit v0.24.1
   Compiling windows-future v0.3.2
   Compiling embed-resource v3.0.11
   Compiling tiny-skia v0.11.4
   Compiling hyper-util v0.1.20
   Compiling svgtypes v0.16.1
   Compiling derive_more v2.1.1
   Compiling async-compression v0.4.45
   Compiling string_cache_codegen v0.5.4
   Compiling phf_codegen v0.11.3
   Compiling gif v0.14.2
   Compiling gpui-pre-zlog v0.3.4
   Compiling windows-collections v0.3.2
   Compiling windows-numerics v0.3.1
   Compiling hash32 v0.3.1
   Compiling zune-inflate v0.2.54
   Compiling rgb v0.8.53
   Compiling sync_wrapper v1.0.2
   Compiling roxmltree v0.21.1
   Compiling pxfm v0.1.30
   Compiling mac v0.1.1
   Compiling bit_field v0.10.3
   Compiling float_next_after v1.0.0
   Compiling fax v0.2.7
   Compiling dyn-clone v1.0.20
   Compiling gpui-pre-ztracing-macro v0.3.4
   Compiling imagesize v0.14.0
   Compiling lebe v0.5.3
   Compiling tower-layer v0.3.3
   Compiling tower v0.5.3
   Compiling exr v1.74.2
   Compiling usvg v0.46.0
   Compiling schemars v1.2.2
   Compiling tiff v0.11.3
   Compiling lyon_tessellation v1.0.22
   Compiling futf v0.1.5
   Compiling moxcms v0.8.1
   Compiling windows v0.62.2
   Compiling markup5ever v0.12.1
   Compiling gpui-pre-http-client v0.3.4
   Compiling gpui-pre v0.3.4
   Compiling ignore v0.4.33
   Compiling lyon_algorithms v1.0.21
   Compiling gpui-pre-perf v0.3.4
   Compiling png v0.18.1
   Compiling tokio-rustls v0.26.5
   Compiling piper v0.2.5
   Compiling http-body-util v0.1.5
   Compiling backtrace v0.3.76
   Compiling flume v0.12.0
   Compiling rustls-native-certs v0.8.4
   Compiling strum_macros v0.28.0
   Compiling cobs v0.3.0
   Compiling qoi v0.4.1
   Compiling async-io v2.6.0
   Compiling profiling-procmacros v1.0.18
   Compiling pulley-macros v43.0.2
   Compiling gpui-pre-derive-refineable v0.3.4
   Compiling atomic v0.5.3
   Compiling smol_str v0.3.6
   Compiling svg_fmt v0.4.5
   Compiling precomputed-hash v0.1.1
   Compiling linktime-proc-macro v0.2.3
   Compiling pollster v0.2.5
   Compiling utf-8 v0.7.6
   Compiling leb128fmt v0.1.0
   Compiling link-section v0.19.3
   Compiling web-time v1.1.0
   Compiling fixedbitset v0.5.7
   Compiling futures-concurrency v7.7.1
   Compiling gpui-pre-scheduler v0.3.4
   Compiling ctor v1.0.13
   Compiling tendril v0.4.3
   Compiling postage v0.5.0
   Compiling string_cache v0.8.9
   Compiling etagere v0.2.15
   Compiling gpui-pre-shared-string v0.3.4
   Compiling gpui-pre-refineable v0.3.4
   Compiling profiling v1.0.18
   Compiling image v0.25.10
   Compiling strum v0.28.0
   Compiling hyper-rustls v0.27.9
   Compiling blocking v1.7.0
   Compiling gpui-pre-util-macros v0.3.4
   Compiling lyon v1.0.19
   Compiling globwalk v0.8.1
   Compiling gpui-pre-sum-tree v0.3.4
   Compiling resvg v0.46.0
   Compiling cranelift-entity v0.130.2
   Compiling mime_guess v2.0.5
   Compiling taffy v0.13.0
   Compiling phf v0.11.3
   Compiling gpui-pre-macros v0.3.4
   Compiling polling v3.11.0
   Compiling arc-swap v1.9.2
   Compiling gimli v0.33.0
   Compiling spin v0.10.1
   Compiling wasmtime-internal-versioned-export-macros v43.0.2
   Compiling windows_x86_64_msvc v0.53.1
   Compiling cranelift-isle v0.130.2
   Compiling seahash v4.1.0
   Compiling pollster v0.4.0
   Compiling raw-window-handle v0.6.2
   Compiling num_cpus v1.17.0
   Compiling arraydeque v0.5.1
   Compiling waker-fn v1.2.0
   Compiling anstyle v1.0.14
   Compiling inventory v0.3.24
   Compiling annotate-snippets v0.12.16
   Compiling granit-parser v1.2.0
   Compiling triomphe v0.1.16
   Compiling cranelift-bforest v0.130.2
   Compiling pulley-interpreter v43.0.2
   Compiling accesskit_consumer v0.38.0
   Compiling wasmparser v0.245.1
   Compiling gpui-pre-windows v0.3.4
   Compiling encoding_rs_io v0.1.8
   Compiling html5ever v0.27.0
   Compiling windows-link v0.1.3
   Compiling bit-vec v0.8.0
   Compiling base62 v2.2.4
   Compiling object v0.38.1
   Compiling cranelift-codegen-shared v0.130.2
   Compiling nohash-hasher v0.2.0
   Compiling serde-saphyr v1.2.0
   Compiling cranelift-codegen-meta v0.130.2
   Compiling bit-set v0.8.0
   Compiling accesskit_windows v0.34.0
   Compiling rust-embed-utils v8.12.0
   Compiling cranelift-assembler-x64 v0.130.2
   Compiling async-lock v3.4.2
   Compiling kurbo v0.11.3
   Compiling shellexpand v3.1.2
   Compiling normpath v1.5.1
   Compiling itertools v0.11.0
   Compiling instant v0.1.13
   Compiling cpp_demangle v0.4.5
   Compiling io-lifetimes v2.0.4
   Compiling gpui-kit-assets v0.6.0
   Compiling rust-i18n-support v4.2.2
   Compiling rust-embed-impl v8.12.0
   Compiling svgtypes v0.15.3
   Compiling async-fs v2.2.0
   Compiling cranelift-codegen v0.130.2
   Compiling windows-targets v0.53.5
   Compiling fancy-regex v0.16.2
   Compiling windows-strings v0.3.1
   Compiling windows-result v0.3.4
   Compiling wasm-encoder v0.245.1
   Compiling xml5ever v0.18.1
   Compiling async-process v2.5.0
   Compiling async-net v2.0.0
   Compiling rust-i18n v4.2.2
   Compiling async-executor v1.14.0
   Compiling fluent-uri v0.1.4
   Compiling termcolor v1.4.1
   Compiling bincode v1.3.3
   Compiling serde_repr v0.1.21
   Compiling toml_datetime v0.7.5+spec-1.1.0
   Compiling roxmltree v0.20.0
   Compiling arbitrary v1.4.2
   Compiling str_indices v0.4.4
   Compiling unicode-id v0.3.6
   Compiling zune-core v0.4.12
   Compiling imagesize v0.13.0
   Compiling wasmtime-internal-component-util v43.0.2
   Compiling usvg v0.45.1
   Compiling zune-jpeg v0.4.21
   Compiling markdown v1.0.0
   Compiling ropey v2.0.0-beta.1
   Compiling cranelift-control v0.130.2
   Compiling lsp-types v0.97.0
   Compiling syntect v5.3.0
   Compiling wasmprinter v0.245.1
   Compiling smol v2.0.2
   Compiling markup5ever_rcdom v0.3.0
   Compiling windows-registry v0.4.0
   Compiling gpui-pre-platform v0.3.4
   Compiling rust-embed v8.12.0
   Compiling rust-i18n-macro v4.2.2
   Compiling notify-types v1.0.1
   Compiling regalloc2 v0.15.2
   Compiling postcard v1.1.3
   Compiling gif v0.13.3
   Compiling rustls-platform-verifier v0.7.0
   Compiling rustls-pemfile v2.2.0
   Compiling enum-iterator-derive v1.5.0
   Compiling io-extras v0.18.4
   Compiling gpui-component v0.6.0
   Compiling enum-iterator v2.3.0
   Compiling gpui-pre-reqwest v0.12.15
   Compiling gpui-pre-http-client-tls v0.3.4
   Compiling resvg v0.45.1
   Compiling wasmtime-environ v43.0.2
   Compiling duckdb v1.10505.0
   Compiling notify v7.0.0
   Compiling rds-shared v0.1.0 (D:\RdataStation\RDS\RdataStation-v2\crates\shared)
   Compiling gpui-base v0.6.0
   Compiling rds-connection v0.1.0 (D:\RdataStation\RDS\RdataStation-v2\crates\connection)
   Compiling rds-engine v0.1.0 (D:\RdataStation\RDS\RdataStation-v2\crates\engine)
   Compiling gpui-component-macros v0.6.0
   Compiling ambient-authority v0.0.2
   Compiling cap-primitives v3.4.6
   Compiling rds-insight v0.1.0 (D:\RdataStation\RDS\RdataStation-v2\crates\insight)
   Compiling gpui-pre-reqwest-client v0.3.4
   Compiling fs-set-times v0.20.3
   Compiling wasm-encoder v0.258.0
   Compiling winx v0.36.4
   Compiling ittapi-sys v0.4.0
   Compiling bitmaps v2.1.0
   Compiling im-rc v15.1.0
   Compiling wasmtime-internal-unwinder v43.0.2
   Compiling leb128 v0.2.7
   Compiling maybe-owned v0.3.4
   Compiling id-arena v2.3.0
   Compiling wit-parser v0.245.1
   Compiling wast v35.0.2
   Compiling sized-chunks v0.6.5
   Compiling wast v258.0.0
   Compiling gpui-kit v0.6.0
   Compiling wasmtime-internal-jit-debug v43.0.2
   Compiling wasmtime-internal-fiber v43.0.2
   Compiling dirs-sys-next v0.1.2
   Compiling rand_xoshiro v0.6.0
   Compiling fixedbitset v0.4.2
   Compiling wasmtime-internal-cache v43.0.2
   Compiling unsafe-libyaml v0.2.11
   Compiling wasmtime-internal-component-macro v43.0.2
   Compiling cap-std v3.4.6
   Compiling serde_yaml v0.9.34+deprecated
   Compiling petgraph v0.6.5
   Compiling directories-next v2.0.0
   Compiling wat v1.258.0
   Compiling witx v0.9.1
   Compiling toml v0.9.12+spec-1.1.0
   Compiling wasmtime-internal-wit-bindgen v43.0.2
   Compiling cranelift-native v0.130.2
   Compiling cranelift-frontend v0.130.2
   Compiling wasmtime v43.0.2
   Compiling debugid v0.8.0
   Compiling proc-macro-utils v0.10.0
   Compiling wiggle-macro v43.0.2
   Compiling cbindgen v0.29.4
   Compiling ident_case v1.0.1
   Compiling cap-fs-ext v3.4.6
   Compiling darling_core v0.20.11
   Compiling tempfile v3.27.0
   Compiling manyhow-macros v0.11.4
   Compiling fxprof-processed-profile v0.8.1
   Compiling wasmtime-internal-cranelift v43.0.2
   Compiling wiggle-generate v43.0.2
   Compiling ittapi v0.4.0
   Compiling wasm-compose v0.245.1
   Compiling rds-workbench v0.1.0 (D:\RdataStation\RDS\RdataStation-v2\crates\workbench)
   Compiling addr2line v0.26.1
   Compiling wasmtime-internal-jit-icache-coherence v43.0.2
   Compiling portable-atomic v1.15.0
   Compiling system-interface v0.27.3
   Compiling darling_macro v0.20.11
   Compiling manyhow v0.11.4
   Compiling fd-lock v4.0.4
   Compiling prost-derive v0.14.4
   Compiling iana-time-zone v0.1.65
   Compiling rmp v0.8.15
   Compiling bigdecimal v0.4.10
   Compiling rust_decimal v1.43.0
   Compiling rmp-serde v1.3.1
   Compiling cap-time-ext v3.4.6
   Compiling prost v0.14.4
   Compiling wiggle v43.0.2
   Compiling extism-convert-macros v1.30.0
   Compiling darling v0.20.11
   Compiling extism v1.30.0
   Compiling cap-rand v3.4.6
   Compiling wasi-common v43.0.2
   Compiling ferroid v1.0.2
   Compiling dummy v0.12.0
   Compiling extism-convert v1.30.0
   Compiling hyper-tls v0.6.0
   Compiling tower-http v0.6.11
   Compiling random_color v1.1.0
   Compiling ulid v1.2.1
   Compiling geo-types v0.7.20
   Compiling extism-manifest v1.30.0
   Compiling url-escape v0.1.2
   Compiling deunicode v1.6.2
   Compiling fake v5.1.0
   Compiling opener v0.7.2
   Compiling reqwest v0.12.28
   Compiling similar v2.7.0
   Compiling rds-app v0.1.0 (D:\RdataStation\RDS\RdataStation-v2\crates\app)
   Compiling rds-scratchpad v0.1.0 (D:\RdataStation\RDS\RdataStation-v2\crates\scratchpad)
   Compiling rds-plugin v0.1.0 (D:\RdataStation\RDS\RdataStation-v2\crates\plugin)
   Compiling rds-mock v0.1.0 (D:\RdataStation\RDS\RdataStation-v2\crates\mock)
   Compiling rds-database v0.1.0 (D:\RdataStation\RDS\RdataStation-v2\crates\database)
   Compiling rds-project v0.1.0 (D:\RdataStation\RDS\RdataStation-v2\crates\project)
   Compiling rds-analytics-resource v0.1.0 (D:\RdataStation\RDS\RdataStation-v2\crates\analytics_resource)
warning: linker stdout: 正在创建库 D:\RdataStation\RDS\RdataStation-v2\target\debug\deps\rds_mock-280f9d71521a3044.lib 和对象 D
:\RdataStation\RDS\RdataStation-v2\target\debug\deps\rds_mock-280f9d71521a3044.exp
  |
  = note: `#[warn(linker_messages)]` on by default

warning: `rds-mock` (lib test) generated 1 warning
warning: linker stdout: 正在创建库 D:\RdataStation\RDS\RdataStation-v2\target\debug\deps\rds_plugin-fcf1b8b1b1018e26.lib 和对象
 D:\RdataStation\RDS\RdataStation-v2\target\debug\deps\rds_plugin-fcf1b8b1b1018e26.exp
  |
  = note: `#[warn(linker_messages)]` on by default

warning: `rds-plugin` (lib test) generated 1 warning
warning: linker stdout: 正在创建库 D:\RdataStation\RDS\RdataStation-v2\target\debug\examples\seed_demo.lib 和对象 D:\RdataStati
on\RDS\RdataStation-v2\target\debug\examples\seed_demo.exp
  |
  = note: `#[warn(linker_messages)]` on by default

warning: `rds-workbench` (example "seed_demo") generated 1 warning
warning: linker stdout: 正在创建库 D:\RdataStation\RDS\RdataStation-v2\target\debug\deps\real_connections-f6ed585b030ec702.l
ib 和对象 D:\RdataStation\RDS\RdataStation-v2\target\debug\deps\real_connections-f6ed585b030ec702.exp
  |
  = note: `#[warn(linker_messages)]` on by default

warning: `rds-workbench` (test "real_connections") generated 1 warning
warning: linker stdout: 正在创建库 D:\RdataStation\RDS\RdataStation-v2\target\debug\deps\rds_project-655aca7f01ae37cf.lib 和对
象 D:\RdataStation\RDS\RdataStation-v2\target\debug\deps\rds_project-655aca7f01ae37cf.exp
  |
  = note: `#[warn(linker_messages)]` on by default

warning: `rds-project` (lib test) generated 1 warning
warning: linker stdout: 正在创建库 D:\RdataStation\RDS\RdataStation-v2\target\debug\deps\rds_workbench-22f0e72c368a9c70.lib 
和对象 D:\RdataStation\RDS\RdataStation-v2\target\debug\deps\rds_workbench-22f0e72c368a9c70.exp
  |
  = note: `#[warn(linker_messages)]` on by default

warning: `rds-workbench` (lib test) generated 1 warning
warning: linker stdout: 正在创建库 D:\RdataStation\RDS\RdataStation-v2\target\debug\deps\rds_insight-26e1dfbff44b96dc.lib 和对
象 D:\RdataStation\RDS\RdataStation-v2\target\debug\deps\rds_insight-26e1dfbff44b96dc.exp
  |
  = note: `#[warn(linker_messages)]` on by default

warning: `rds-insight` (lib test) generated 1 warning
warning: linker stdout: 正在创建库 D:\RdataStation\RDS\RdataStation-v2\target\debug\deps\rds_connection-abe4b1c9ce0d98f8.lib
 和对象 D:\RdataStation\RDS\RdataStation-v2\target\debug\deps\rds_connection-abe4b1c9ce0d98f8.exp
  |
  = note: `#[warn(linker_messages)]` on by default

warning: `rds-connection` (lib test) generated 1 warning
warning: linker stdout: 正在创建库 D:\RdataStation\RDS\RdataStation-v2\target\debug\deps\rds_engine-07dc6d5dcfd7312d.lib 和对象
 D:\RdataStation\RDS\RdataStation-v2\target\debug\deps\rds_engine-07dc6d5dcfd7312d.exp
  |
  = note: `#[warn(linker_messages)]` on by default

warning: `rds-engine` (lib test) generated 1 warning
    Finished `test` profile [unoptimized + debuginfo] target(s) in 43m 37s
     Running unittests src\lib.rs (D:\RdataStation\RDS\RdataStation-v2\target\debug\deps\rds_analytics_resource-683657d
4c534cf7e.exe)

running 0 tests

test result: ok. 0 passed; 0 failed; 0 ignored; 0 measured; 0 filtered out; finished in 0.00s

     Running unittests src\lib.rs (D:\RdataStation\RDS\RdataStation-v2\target\debug\deps\rds_app-eb67084d645c35ce.exe)

running 0 tests

test result: ok. 0 passed; 0 failed; 0 ignored; 0 measured; 0 filtered out; finished in 0.00s

     Running unittests src\main.rs (D:\RdataStation\RDS\RdataStation-v2\target\debug\deps\rds_app-d0bed0ad4f3f0787.exe)

running 0 tests

test result: ok. 0 passed; 0 failed; 0 ignored; 0 measured; 0 filtered out; finished in 0.00s

     Running unittests src\lib.rs (D:\RdataStation\RDS\RdataStation-v2\target\debug\deps\rds_connection-abe4b1c9ce0d98f
8.exe)

running 17 tests
test config::tests::test_connection_config_direct ... ok
test config::tests::test_connection_config_ssl ... ok
test config::tests::test_ssh_config ... ok
test factory::tests::test_connection_factory_new ... ok
test factory::tests::test_supports_direct ... ok
test known_hosts::tests::test_empty_known_hosts_allow_unknown ... ok
test known_hosts::tests::test_empty_known_hosts_deny_unknown ... ok
test known_hosts::tests::test_parse_non_hashed_entry ... ok
test known_hosts::tests::test_key_mismatch_detected ... ok
test known_hosts::tests::test_skip_at_marked_entries ... ok
test known_hosts::tests::test_skip_hashed_entries ... ok
test known_hosts::tests::test_parse_port_specific_entry ... ok
test stream::tests::test_stream_info ... ok
test secret::tests::test_unknown_secret_type_errors ... ok
test secret::tests::test_register_override_same_name ... ok
test secret::tests::test_register_list_remove_roundtrip ... ok
test factory::tests::test_create_connection_direct ... ok

test result: ok. 17 passed; 0 failed; 0 ignored; 0 measured; 0 filtered out; finished in 2.04s

     Running unittests src\lib.rs (D:\RdataStation\RDS\RdataStation-v2\target\debug\deps\rds_database-a3ba052d30fdcab7.
exe)

running 0 tests

test result: ok. 0 passed; 0 failed; 0 ignored; 0 measured; 0 filtered out; finished in 0.00s

     Running unittests src\lib.rs (D:\RdataStation\RDS\RdataStation-v2\target\debug\deps\rds_engine-07dc6d5dcfd7312d.ex
e)

running 241 tests
test cache::lru_cache::tests::test_lru_cache_basic ... ok
test cache::lru_cache::tests::test_lru_cache_access_order ... ok
test cache::memory_guard::tests::test_memory_guard_config ... ok
test cache::memory_guard::tests::test_memory_stats ... ok
test cache::cache_manager::tests::test_cache_manager_stats ... ok
test cache::cache_manager::tests::test_cache_manager ... ok
test connection_manager::tests::test_connection_manager_new ... ok
test connection_manager::tests::test_create_connection_id ... ok
test cache::query_cache::tests::test_query_cache_stats ... ok
test cache::query_cache::tests::test_query_cache_basic ... ok
test driver::auto_register::tests::test_auto_register ... ok
test cache::query_cache::tests::test_query_cache_expiration ... ok
test cache::lru_cache::tests::test_lru_cache_ttl ... ok
test driver::native::mysql::tests::test_connect ... ignored, 需要运行中的 MySQL 服务
test driver::native::mysql::tests::test_crud_roundtrip ... ignored, 需要运行中的 MySQL 服务
test driver::native::mysql::tests::test_error_handling ... ignored, 需要运行中的 MySQL 服务
test driver::native::mysql::tests::test_is_read_only_flag ... ignored, 需要运行中的 MySQL 服务
test driver::native::mysql::tests::test_list_tables ... ignored, 需要运行中的 MySQL 服务
test driver::native::mysql::tests::test_meta ... ignored, 需要运行中的 MySQL 服务
test driver::native::mysql::tests::test_query_select_one ... ignored, 需要运行中的 MySQL 服务
test driver::native::mysql_native::tests::test_connect ... ignored, 需要运行中的 MySQL 服务
test driver::native::mysql_native::tests::test_is_read_only_flag ... ignored, 需要运行中的 MySQL 服务
test driver::native::mysql_native::tests::test_meta ... ignored, 需要运行中的 MySQL 服务
test driver::native::mysql_native::tests::test_query_select_one ... ignored, 需要运行中的 MySQL 服务
test driver::native::postgres::tests::test_connect ... ignored, 需要运行中的 PostgreSQL 服务
test driver::native::postgres::tests::test_crud_roundtrip ... ignored, 需要运行中的 PostgreSQL 服务
test driver::native::postgres::tests::test_error_handling ... ignored, 需要运行中的 PostgreSQL 服务
test driver::native::postgres::tests::test_is_read_only_flag ... ignored, 需要运行中的 PostgreSQL 服务
test driver::native::postgres::tests::test_list_tables ... ignored, 需要运行中的 PostgreSQL 服务
test driver::native::postgres::tests::test_meta ... ignored, 需要运行中的 PostgreSQL 服务
test driver::native::postgres::tests::test_query_select_one ... ignored, 需要运行中的 PostgreSQL 服务
test driver::native::postgres_native::tests::test_connect ... ignored, 需要运行中的 PostgreSQL 服务
test driver::native::postgres_native::tests::test_is_read_only_flag ... ignored, 需要运行中的 PostgreSQL 服务
test driver::native::postgres_native::tests::test_meta ... ignored, 需要运行中的 PostgreSQL 服务
test driver::native::postgres_native::tests::test_query_select_one ... ignored, 需要运行中的 PostgreSQL 服务
test driver::native::sqlite::tests::test_sqlite_connect_ping ... ok
test driver::native::sqlite::tests::test_sqlite_query ... ok
test driver::native::duckdb::tests::test_connect ... ok
test driver::native::duckdb::tests::test_meta ... ok
test driver::smart_pool::tests::test_pool_builder ... ok
test driver::smart_pool::tests::test_smart_pool_close ... ok
test driver::smart_pool::tests::test_smart_pool_creation ... ok
test driver::native::sqlite::tests::test_sqlite_transaction_commit ... ok
test driver::standard_pool::tests::test_builder ... ok
test driver::standard_pool::tests::test_duckdb_config_single_connection ... ok
test driver::native::sqlite::tests::test_sqlite_transaction_rollback ... ok
test driver::standard_pool::tests::test_sqlite_config ... ok
test driver::standard_pool::tests::test_standard_pool_config_defaults ... ok
test driver::standard_pool::tests::test_standard_pool_creation ... ok
test driver::native::duckdb::tests::test_list_tables ... ok
test driver::native::duckdb::tests::test_crud_roundtrip ... ok
test driver::native::duckdb::tests::test_is_read_only_flag ... ok
test driver::native::duckdb::tests::test_query_select_one ... ok
test driver::native::duckdb::tests::test_error_handling ... ok
test duckdb::explain::tests::test_format_plan ... ok
test duckdb::explain::tests::test_generate_explain_sql ... ok
test duckdb::explain::tests::test_get_performance_suggestions ... ok
test duckdb::explain::tests::test_has_full_table_scan ... ok
test duckdb::explain::tests::test_parse_explain_output ... ok
test duckdb::explain::tests::test_plan_node_add_child ... ok
test duckdb::explain::tests::test_plan_node_collect_all_node_types ... ok
test duckdb::explain::tests::test_plan_node_contains_node_type ... ok
test duckdb::executor::tests::test_execute_invalid_sql ... ok
test duckdb::explain::tests::test_plan_node_max_depth ... ok
test duckdb::explain::tests::test_plan_node_type_display ... ok
test duckdb::extensions::tests::test_builtin_extensions ... ok
test duckdb::executor::tests::test_execute_write_create_table ... ok
test duckdb::extensions::tests::test_extension_info_sql ... ok
test duckdb::executor::tests::test_execute_read_empty_result ... ok
test duckdb::extensions::tests::test_extension_status_display ... ok
test duckdb::extensions::tests::test_generate_discover_sql ... ok
test duckdb::extensions::tests::test_generate_set_extension_dir_sql ... ok
test duckdb::extensions::tests::test_list_extensions ... ok
test duckdb::extensions::tests::test_update_non_existent_extension ... ok
test duckdb::extensions::tests::test_on_demand_extensions ... ok
test duckdb::extensions::tests::test_update_status ... ok
test duckdb::extensions::tests::test_register_and_get_extension ... ok
test duckdb::extensions::tests::test_validate_extension_name_invalid ... ok
test duckdb::extensions::tests::test_validate_extension_name_valid ... ok
test duckdb::federation::tests::test_data_source_config_mysql ... ok
test duckdb::federation::tests::test_data_source_config_duckdb ... ok
test duckdb::executor::tests::test_execute_read_simple_select ... ok
test duckdb::federation::tests::test_data_source_config_postgres ... ok
test duckdb::federation::tests::test_generate_attach_global_sql ... ok
test duckdb::federation::tests::test_generate_materialize_sql ... ok
test duckdb::executor::tests::test_execute_write_insert ... ok
test duckdb::federation::tests::test_parse_attach_alias ... ok
test duckdb::federation::tests::test_parse_attach_alias_without_as ... ok
test duckdb::federation::tests::test_parse_invalid_attach ... ok
test duckdb::fts::tests::test_generate_check_index_sql ... ok
test duckdb::fts::tests::test_generate_create_index_sql ... ok
test duckdb::fts::tests::test_generate_drop_index_sql ... ok
test duckdb::fts::tests::test_generate_rebuild_index_sql ... ok
test duckdb::fts::tests::test_generate_search_sql ... ok
test duckdb::fts::tests::test_validate_search_term_empty ... ok
test duckdb::import_export::tests::test_data_format_display ... ok
test duckdb::fts::tests::test_validate_search_term_valid ... ok
test duckdb::fts::tests::test_validate_search_term_too_long ... ok
test duckdb::import_export::tests::test_detect_format ... ok
test duckdb::import_export::tests::test_generate_export_csv_sql_default ... ok
test duckdb::import_export::tests::test_generate_export_csv_sql_with_compression ... ok
test duckdb::import_export::tests::test_generate_export_json_sql ... ok
test duckdb::import_export::tests::test_generate_export_parquet_sql ... ok
test duckdb::import_export::tests::test_generate_import_csv_sql_custom_delimiter ... ok
test duckdb::import_export::tests::test_generate_import_csv_sql_default ... ok
test duckdb::executor::tests::test_execute_batch ... ok
test duckdb::import_export::tests::test_generate_import_json_sql ... ok
test duckdb::import_export::tests::test_generate_import_parquet_sql ... ok
test duckdb::import_export::tests::test_generate_import_to_table_sql ... ok
test duckdb::import_export::tests::test_validate_file_path_exists ... ok
test duckdb::manager::tests::test_extensions_dir_path ... ok
test duckdb::import_export::tests::test_validate_file_path_not_exists ... ok
test duckdb::manager::tests::test_ensure_parent_dir_creates_directory ... ok
test duckdb::executor::tests::test_execute_read_with_params ... ok
test duckdb::metrics::tests::test_connection_tracking ... ok
test duckdb::metrics::tests::test_max_query_duration ... ok
test duckdb::metrics::tests::test_multiple_queries_avg ... ok
test duckdb::metrics::tests::test_record_error ... ok
test duckdb::manager::tests::test_open_creates_database ... ok
test duckdb::federation::tests::test_detach_non_existent ... ok
test duckdb::metrics::tests::test_record_query_and_stats ... ok
test duckdb::manager::tests::test_maintenance_conn_is_unique ... ok
test duckdb::metrics::tests::test_record_write ... ok
test duckdb::metrics::tests::test_snapshot_display ... ok
test duckdb::metrics::tests::test_reset ... ok
test duckdb::plugin::tests::test_active_connection_count ... ok
test duckdb::plugin::tests::test_attach_plugin_temp_table ... ok
test duckdb::plugin::tests::test_permission_level_properties ... ok
test duckdb::plugin::tests::test_revoke_non_existent_connection ... ok
test duckdb::metrics::tests::test_temp_table_count ... ok
test duckdb::plugin::tests::test_create_duplicate_connection ... ok
test duckdb::plugin::tests::test_create_plugin_connection ... ok
test duckdb::plugin::tests::test_revoke_plugin_connection ... ok
test duckdb::plugin::tests::test_validate_plugin_sql_admin ... ok
test duckdb::plugin::tests::test_validate_plugin_sql_readwrite ... ok
test duckdb::plugin::tests::test_validate_plugin_sql_readonly ... ok
test duckdb::snapshot::tests::test_delete_snapshot ... ok
test duckdb::snapshot::tests::test_create_and_list_snapshot ... ok
test duckdb::snapshot::tests::test_estimate_backup_time ... ok
test duckdb::manager::tests::test_read_conn_round_robin ... ok
test duckdb::snapshot::tests::test_restore_snapshot ... ok
test duckdb::temp_table::tests::test_cleanup_all ... ok
test duckdb::snapshot::tests::test_snapshot_info_from_path ... ok
test duckdb::temp_table::tests::test_cleanup_by_prefix ... ok
test duckdb::snapshot::tests::test_total_size_bytes ... ok
test duckdb::temp_table::tests::test_count_by_prefix ... ok
test duckdb::temp_table::tests::test_cleanup_plugin_tables ... ok
test duckdb::temp_table::tests::test_lazy_cleanup_insight_tables_ttl ... ok
test duckdb::temp_table::tests::test_generate_table_name_format ... ok
test duckdb::temp_table::tests::test_register_and_unregister ... ok
test duckdb::temp_table::tests::test_lazy_cleanup_insight_tables_max_count ... ok
test duckdb::temp_table::tests::test_temp_table_source_abbreviation ... ok
test duckdb::temp_table::tests::test_temp_table_source_visibility ... ok
test logging::record::tests::test_log_level_as_str_roundtrip ... ok
test logging::record::tests::test_log_level_from_str_all_variants ... ok
test logging::record::tests::test_log_level_ordering ... ok
test logging::record::tests::test_log_level_serde_uppercase ... ok
test logging::record::tests::test_log_level_from_str_invalid ... ok
test logging::record::tests::test_log_level_from_tracing ... ok
test logging::record::tests::test_log_page_total_pages ... ok
test logging::record::tests::test_log_query_default ... ok
test logging::redact::tests::test_redact_key_value_password ... ok
test logging::redact::tests::test_redact_key_value_pwd ... ok
test logging::redact::tests::test_redact_no_sensitive ... ok
test logging::redact::tests::test_redact_multiple ... ok
test logging::redact::tests::test_redact_url_password ... ok
test duckdb::manager::tests::test_write_conn_is_unique ... ok
test persistence::global_db::tests::test_global_sqlite_pool ... ignored, 内部状态检查存在竞态条件
test persistence::history_store::tests::test_history_record_mark_failed ... ok
test persistence::history_store::tests::test_history_record_mark_success ... ok
test persistence::history_store::tests::test_history_record_new ... ok
test persistence::history_store::tests::test_history_store_add_and_get ... ok
test persistence::history_store::tests::test_history_store_filter ... ok
test persistence::history_store::tests::test_history_store_recent_sql ... ok
test persistence::history_store::tests::test_history_store_search ... ok
test persistence::history_store::tests::test_history_store_statistics ... ok
test persistence::history_store::tests::test_json_serialization ... ok
test persistence::id_prefix::tests::test_gen_project_id ... ok
test persistence::id_prefix::tests::test_generate_gid ... ok
test persistence::id_prefix::tests::test_generate_gpid ... ok
test persistence::id_prefix::tests::test_generate_pid ... ok
test persistence::id_prefix::tests::test_is_global ... ok
test persistence::id_prefix::tests::test_is_project ... ok
test persistence::id_prefix::tests::test_is_snapshot ... ok
test persistence::id_prefix::tests::test_origin_from_id ... ok
test persistence::id_prefix::tests::test_sanitize_name ... ok
test persistence::id_prefix::tests::test_source_global_id ... ok
test persistence::id_prefix::tests::test_to_snapshot_id ... ok
test persistence::id_prefix::tests::test_to_snapshot_id_invalid ... ok
test persistence::metadata_cache::tests::test_metadata_cache_manager_global ... ok
test persistence::metadata_cache::tests::test_metadata_cache_manager_project ... ok
test persistence::metadata_cache::tests::test_metadata_cache_ops ... ok
test persistence::cache_version_migration::tests::test_cache_version_manager ... ok
test persistence::metadata_cache_pool::tests::test_pool_create_and_acquire ... ok
test persistence::metadata_cache_pool::tests::test_pool_registry_get_or_create ... ok
test persistence::project_db::tests::test_project_db_creation ... ignored, 项目数据库初始化存在迁移系统问题，需单独修复
test services::sql_service::tests::test_begin_transaction_no_connection ... ok
test services::sql_service::tests::test_cancel_query_no_connection ... ok
test persistence::metadata_cache_pool::tests::test_pooled_connection_inner ... ok
test services::sql_service::tests::test_cancel_query_specific_not_found ... ok
test persistence::global_db::tests::test_global_duckdb_connection ... ok
test services::sql_service::tests::test_clear_sql_history ... ok
test services::sql_service::tests::test_commit_transaction_no_connection ... ok
test services::sql_service::tests::test_execute_in_transaction_empty ... ok
test services::sql_service::tests::test_create_external_table_no_connection ... ok
test services::sql_service::tests::test_execute_empty_sql ... ok
test duckdb::federation::tests::test_attach_and_detach ... ok
test services::sql_service::tests::test_execute_in_transaction_no_connection ... ok
test services::sql_service::tests::test_execute_specific_connection_not_found ... ok
test services::sql_service::tests::test_execute_no_active_connection ... ok
test services::sql_service::tests::test_execute_whitespace_sql ... ok
test services::sql_service::tests::test_execute_with_record_history_option ... ok
test services::sql_service::tests::test_register_external_database_no_connection ... ok
test services::sql_service::tests::test_get_transaction_status_no_connection ... ok
test services::sql_service::tests::test_get_sql_history ... ok
test services::sql_service::tests::test_rollback_transaction_no_connection ... ok
test services::sql_service::tests::test_query_no_connection ... ok
test services::sql_service::tests::test_sql_execute_result_construction ... ok
test services::sql_service::tests::test_remove_sql_history_nonexistent ... ok
test services::sql_service::tests::test_sql_execute_options_default ... ok
test services::sql_service::tests::test_search_sql_history ... ok
test sql::builder::tests::test_build_create_table ... ok
test sql::builder::tests::test_build_select_all ... ok
test sql::formatter::tests::test_format_invalid_graceful ... ok
test sql::builder::tests::test_build_drop_table ... ok
test sql::builder::tests::test_build_insert ... ok
test sql::formatter::tests::test_format_select ... ok
test sql::parser::tests::test_parse_ddl ... ok
test sql::parser::tests::test_parse_delete ... ok
test sql::parser::tests::test_parse_invalid ... ok
test sql::parser::tests::test_parse_insert ... ok
test sql::parser::tests::test_parse_select ... ok
test sql::parser::tests::test_parse_update ... ok
test sql::parser::tests::test_validate_invalid ... ok
test sql::transpiler::tests::test_transpile_same_dialect ... ok
test sql::parser::tests::test_validate_valid ... ok
test sql::transpiler::tests::test_transpile_mysql_to_postgres ... ok
test duckdb::federation::tests::test_detach_all ... ok
test duckdb::snapshot::tests::test_delete_all_snapshots ... ok
test persistence::global_db::tests::test_global_database_manager ... ok
test duckdb::snapshot::tests::test_cleanup_old_snapshots ... ok

test result: ok. 217 passed; 0 failed; 24 ignored; 0 measured; 0 filtered out; finished in 3.30s

     Running unittests src\lib.rs (D:\RdataStation\RDS\RdataStation-v2\target\debug\deps\rds_insight-26e1dfbff44b96dc.e
xe)

running 53 tests
test insight_engine::tests::test_compute_table_quality ... ok
test insight_engine::tests::test_quality_scorer_high_score ... ok
test insight_engine::tests::test_quality_scorer_low_score ... ok
test quality_scorer::tests::test_column_quality_abysmal ... ok
test quality_scorer::tests::test_column_quality_boolean_type ... ok
test quality_scorer::tests::test_column_quality_perfect ... ok
test quality_scorer::tests::test_column_quality_text_type ... ok
test quality_scorer::tests::test_dimensions_includes_four ... ok
test quality_scorer::tests::test_table_quality_empty ... ok
test quality_scorer::tests::test_table_quality_sorted_worst_first ... ok
test insight_engine::tests::test_list_rules_for_numeric_column ... ok
test insight_engine::tests::test_list_insight_rules_all ... ok
test rule_executor::tests::test_build_sql_missing_param_returns_error ... ok
test rule_executor::tests::test_build_sql_replaces_params ... ok
test rule_executor::tests::test_build_sql_handles_similar_param_names ... ok
test rule_executor::tests::test_col_index_case_insensitive ... ok
test insight_engine::tests::test_get_column_stats_all_null ... ok
test insight_engine::tests::test_get_column_sample_returns_limit_5 ... ok
test rule_executor::tests::test_build_col_map_extracts_column_names ... ok
test rule_executor::tests::test_execute_list_with_valid_rule ... ok
test insight_engine::tests::test_get_column_stats_text ... ok
test rule_executor::tests::test_validate_identifiers_allows_alphanumeric ... ok
test rule_executor::tests::test_validate_identifiers_rejects_special_chars ... ok
test rule_registry::tests::test_all_rules ... ok
test rule_executor::tests::test_execute_qualified_no_quality_rules ... ok
test insight_engine::tests::test_get_column_stats_numeric ... ok
test rule_registry::tests::test_get_and_list ... ok
test insight_engine::tests::test_get_column_stats_boolean ... ok
test rule_registry::tests::test_new_registry_is_empty ... ok
test rule_registry::tests::test_list_by_category ... ok
test rule_registry::tests::test_parse_toml_invalid ... ok
test schema_analyzer::tests::test_compute_health_many_orphans ... ok
test rule_registry::tests::test_parse_toml_valid ... ok
test rule_registry::tests::test_rules_for_column_type ... ok
test schema_analyzer::tests::test_compute_health_perfect ... ok
test schema_analyzer::tests::test_compute_health_with_critical_mismatches ... ok
test schema_analyzer::tests::test_detect_critical_mismatch_three_types ... ok
test schema_analyzer::tests::test_detect_type_mismatch ... ok
test schema_analyzer::tests::test_escape_sql_string_no_change ... ok
test schema_analyzer::tests::test_detect_orphan_tables ... ok
test schema_analyzer::tests::test_detect_redundant_columns ... ok
test schema_analyzer::tests::test_escape_sql_string_with_quote ... ok
test schema_analyzer::tests::test_escape_sql_string_with_backslash ... ok
test schema_analyzer::tests::test_infer_fk_compound_name ... ok
test schema_analyzer::tests::test_infer_fk_user_id_to_users ... ok
test schema_analyzer::tests::test_infer_fk_compound_name_full_match_preferred ... ok
test schema_analyzer::tests::test_no_fk_on_id_column ... ok
test schema_analyzer::tests::test_no_mismatch_when_same_type ... ok
test schema_analyzer::tests::test_no_redundant_if_less_than_3_tables ... ok
test rule_executor::tests::test_execute_qualified_with_quality_rules_failing_min ... ok
test rule_executor::tests::test_execute_qualified_with_quality_rules_passing ... ok
test rule_executor::tests::test_execute_rejects_missing_column ... ok
test rule_executor::tests::test_execute_single_with_valid_rule ... ok

test result: ok. 53 passed; 0 failed; 0 ignored; 0 measured; 0 filtered out; finished in 0.86s

     Running unittests src\lib.rs (D:\RdataStation\RDS\RdataStation-v2\target\debug\deps\rds_mock-280f9d71521a3044.exe)

running 56 tests
test engine::tests::test_build_create_table_ddl_multi_column ... ok
test engine::tests::test_build_create_table_ddl_single_column ... ok
test engine::tests::test_generate_cell_constant ... ok
test engine::tests::test_generate_cell_auto_increment ... ok
test engine::tests::test_generate_cell_boolean ... ok
test engine::tests::test_generate_cell_random_int_range ... ok
test engine::tests::test_infer_datatype_for_column_decimal ... ok
test engine::tests::test_infer_datatype_for_column_int ... ok
test engine::tests::test_infer_datatype_for_column_varchar_size ... ok
test engine::tests::test_sanitize_table_name_alphanumeric ... ok
test engine::tests::test_sanitize_table_name_special_chars ... ok
test engine::tests::test_sanitize_table_name_with_spaces ... ok
test error::tests::test_mock_error_display ... ok
test error::tests::test_mock_error_to_core_error ... ok
test generators::tests::test_auto_increment ... ok
test generators::tests::test_constant_value ... ok
test generators::tests::test_datetime_format ... ok
test generators::tests::test_boolean_ratio ... ok
test generators::tests::test_email_format ... ok
test generators::tests::test_digit_single_character ... ok
test generators::tests::test_random_float_precision ... ok
test generators::tests::test_phone_number_format ... ok
test generators::tests::test_ipv4_format ... ok
test persistence::tests::test_detail_contains_task_and_columns ... ok
test generators::tests::test_sentence_non_empty ... ok
test generators::tests::test_uuid_format ... ok
test generators::tests::test_words_range ... ok
test persistence::tests::test_storage_err_format ... ok
test persistence::tests::test_column_serialization_roundtrip ... ok
test generators::tests::test_random_int_range ... ok
test persistence::tests::test_task_all_optional_fields_null ... ok
test persistence::tests::test_task_serialization_roundtrip ... ok
test persistence::tests::test_template_serialization_roundtrip ... ok
test schema_map::tests::test_infer_amount_field ... ok
test schema_map::tests::test_infer_count_field ... ok
test schema_map::tests::test_infer_created_at ... ok
test schema_map::tests::test_infer_exact_match_email ... ok
test schema_map::tests::test_infer_exact_match_id ... ok
test schema_map::tests::test_infer_fallback_boolean ... ok
test schema_map::tests::test_infer_fallback_date ... ok
test schema_map::tests::test_infer_fallback_datetime ... ok
test schema_map::tests::test_infer_fallback_float ... ok
test schema_map::tests::test_infer_fallback_integer ... ok
test schema_map::tests::test_infer_fallback_uuid ... ok
test schema_map::tests::test_infer_prefix_match_is_active ... ok
test schema_map::tests::test_infer_fuzzy_match_description ... ok
test schema_map::tests::test_infer_suffix_match_name ... ok
test schema_map::tests::test_infer_timestamp_with_no_match ... ok
test schema_map::tests::test_infer_updated_at ... ok
test templates::tests::test_all_template_columns_have_valid_types ... ok
test templates::tests::test_all_templates_exist ... ok
test templates::tests::test_ecommerce_template_has_four_tables ... ok
test templates::tests::test_ecommerce_users_has_username_email ... ok
test templates::tests::test_get_template_by_id_found ... ok
test templates::tests::test_get_template_by_id_not_found ... ok
test templates::tests::test_hr_template_has_tables ... ok

test result: ok. 56 passed; 0 failed; 0 ignored; 0 measured; 0 filtered out; finished in 0.02s

     Running unittests src\lib.rs (D:\RdataStation\RDS\RdataStation-v2\target\debug\deps\rds_plugin-fcf1b8b1b1018e26.ex
e)

running 11 tests
test manifest::tests::test_check_engine_compatibility_same_major ... ok
test manifest::tests::test_check_engine_compatibility_different_major ... ok
test sidecar::manager::tests::test_default_config ... ok
test sidecar::manager::tests::test_manager_creation ... ok
test sidecar::client::tests::test_client_creation ... ok
test manifest::tests::test_parse_manifest_missing_capabilities ... ok
test manifest::tests::test_parse_manifest_incompatible_engine_version ... ok
test manifest::tests::test_parse_manifest_missing_plugin_id ... ok
test manifest::tests::test_parse_manifest_missing_publisher ... ok
test manifest::tests::test_default_values ... ok
test manifest::tests::test_parse_valid_manifest_with_all_fields ... ok

test result: ok. 11 passed; 0 failed; 0 ignored; 0 measured; 0 filtered out; finished in 0.07s

     Running unittests src\lib.rs (D:\RdataStation\RDS\RdataStation-v2\target\debug\deps\rds_project-655aca7f01ae37cf.e
xe)

running 10 tests
test models::tests::test_project_path_local ... ok
test models::tests::test_project_path_remote ... ok
test models::tests::test_project_creation ... ok
test models::tests::test_versioned_data ... ok
test store::tests::test_project_store_load ... ok
test store::tests::test_project_store_create ... ok
test store::tests::test_project_manager ... ok
test store::tests::test_system_shared_meta_roundtrip ... ok
test store::tests::test_project_level_isolation ... ok
test store::tests::test_dual_layer_assembled ... ok

test result: ok. 10 passed; 0 failed; 0 ignored; 0 measured; 0 filtered out; finished in 0.86s

     Running unittests src\lib.rs (D:\RdataStation\RDS\RdataStation-v2\target\debug\deps\rds_scratchpad-4e7f574855d55c9
2.exe)

running 0 tests

test result: ok. 0 passed; 0 failed; 0 ignored; 0 measured; 0 filtered out; finished in 0.00s

     Running unittests src\lib.rs (D:\RdataStation\RDS\RdataStation-v2\target\debug\deps\rds_shared-6ba1843daeab9e03.ex
e)

running 19 tests
test error::tests::test_error_code ... ok
test macros::tests::test_core_err_macro ... ok
test error::tests::test_error_domain_separation ... ok
test error::tests::test_display ... ok
test error::tests::test_retryable ... ok
test macros::tests::test_invalid_arg_macro ... ok
test macros::tests::test_not_supported_macro ... ok
test macros::tests::test_query_err_macro ... ok
test macros::tests::test_storage_err_macro ... ok
test macros::tests::test_timeout_macro ... ok
test port_negotiation::tests::test_port_range_contains ... ok
test port_negotiation::tests::test_port_range_iter ... ok
test crypto::tests::test_encrypt_empty_password ... ok
test crypto::tests::test_encrypt_unicode_password ... ok
test crypto::tests::test_encrypt_decrypt_roundtrip ... ok
test port_negotiation::tests::test_port_negotiator_basic ... ok
test port_negotiation::tests::test_is_port_available ... ok
test port_negotiation::tests::test_port_negotiator_preferred ... ok
test port_negotiation::tests::test_port_negotiator_multiple ... ok

test result: ok. 19 passed; 0 failed; 0 ignored; 0 measured; 0 filtered out; finished in 0.02s

     Running unittests src\lib.rs (D:\RdataStation\RDS\RdataStation-v2\target\debug\deps\rds_workbench-22f0e72c368a9c70
.exe)

running 8 tests
test services::secret_integration::tests::test_db_type_mapping ... ok
test services::secret_integration::tests::test_parse_full_url ... ok
test services::secret_integration::tests::test_parse_file_db ... ok
test services::secret_integration::tests::test_parse_without_creds ... ok
test services::connection_service::tests::test_connect_invalid_db_type ... ok
test services::connection_service::tests::test_connect_empty_url ... ok
test services::secret_integration::tests::test_secret_name_sanitize ... ok
test services::secret_integration::tests::test_register_postgres_secret_roundtrip ... ok

test result: ok. 8 passed; 0 failed; 0 ignored; 0 measured; 0 filtered out; finished in 0.88s

     Running tests\real_connections.rs (D:\RdataStation\RDS\RdataStation-v2\target\debug\deps\real_connections-f6ed585b
030ec702.exe)

running 3 tests
test global_db_roundtrip_maps_to_connection_items ... ok
test empty_db_returns_empty_list ... ok
test second_connection_persists_after_reopen ... ok

test result: ok. 3 passed; 0 failed; 0 ignored; 0 measured; 0 filtered out; finished in 2.68s

   Doc-tests rds_analytics_resource

running 0 tests

test result: ok. 0 passed; 0 failed; 0 ignored; 0 measured; 0 filtered out; finished in 0.00s

   Doc-tests rds_app

running 0 tests

test result: ok. 0 passed; 0 failed; 0 ignored; 0 measured; 0 filtered out; finished in 0.00s

   Doc-tests rds_connection

running 1 test
test crates\connection\src\connector.rs - connector::TunnelGuard (line 29) ... ignored

test result: ok. 0 passed; 0 failed; 1 ignored; 0 measured; 0 filtered out; finished in 0.00s

   Doc-tests rds_database

running 0 tests

test result: ok. 0 passed; 0 failed; 0 ignored; 0 measured; 0 filtered out; finished in 0.00s

   Doc-tests rds_engine

running 16 tests
test crates\engine\src\connection_manager.rs - connection_manager::ConnectionManager::create_connection_with_registry (line 142) ... ignored
test crates\engine\src\driver\registry\mod.rs - driver::registry::DriverFactory (line 35) ... ignored
test crates\engine\src\driver\registry\mod.rs - driver::registry::DriverRegistry (line 80) ... ignored
test crates\engine\src\driver\registry\mod.rs - driver::registry::DriverRegistry::register (line 101) ... ignored
test crates\engine\src\driver\utils.rs - driver::utils::escape_sql_string (line 151) ... ignored
test crates\engine\src\driver\utils.rs - driver::utils::quote_identifier (line 170) ... ignored
test crates\engine\src\duckdb\executor.rs - duckdb::executor::DuckDBExecutor<'a>::execute_read (line 72) ... ignored
test crates\engine\src\duckdb\executor.rs - duckdb::executor::DuckDBExecutor<'a>::execute_write (line 91) ... ignored
test crates\engine\src\duckdb\federation.rs - duckdb::federation::FederationManager (line 121) ... ignored
test crates\engine\src\duckdb\federation.rs - duckdb::federation::FederationManager::attach_sql (line 156) ... ignored
test crates\engine\src\duckdb\fts.rs - duckdb::fts::FTSManager::generate_create_index_sql (line 172) ... ignored
test crates\engine\src\duckdb\fts.rs - duckdb::fts::FTSManager::generate_search_sql (line 213) ... ignored
test crates\engine\src\duckdb\manager.rs - duckdb::manager::DuckDBManager::open (line 182) ... ignored
test crates\engine\src\duckdb\plugin.rs - duckdb::plugin::PluginManager::create_plugin_connection (line 113) ... ignored
test crates\engine\src\duckdb\temp_table.rs - duckdb::temp_table::TempTableManager::generate_name (line 178) ... ignored
test crates\engine\src\persistence\id_prefix.rs - persistence::id_prefix (line 9) ... ignored

test result: ok. 0 passed; 0 failed; 16 ignored; 0 measured; 0 filtered out; finished in 0.02s

   Doc-tests rds_insight

running 0 tests

test result: ok. 0 passed; 0 failed; 0 ignored; 0 measured; 0 filtered out; finished in 0.00s

   Doc-tests rds_mock

running 0 tests

test result: ok. 0 passed; 0 failed; 0 ignored; 0 measured; 0 filtered out; finished in 0.00s

   Doc-tests rds_plugin

running 0 tests

test result: ok. 0 passed; 0 failed; 0 ignored; 0 measured; 0 filtered out; finished in 0.00s

   Doc-tests rds_project

running 0 tests

test result: ok. 0 passed; 0 failed; 0 ignored; 0 measured; 0 filtered out; finished in 0.00s

   Doc-tests rds_scratchpad

running 0 tests

test result: ok. 0 passed; 0 failed; 0 ignored; 0 measured; 0 filtered out; finished in 0.00s

   Doc-tests rds_shared

running 9 tests
test crates\shared\src\macros.rs - macros::bail (line 24) ... ignored
test crates\shared\src\macros.rs - macros::conn_err (line 62) ... ignored
test crates\shared\src\macros.rs - macros::core_err (line 8) ... ignored
test crates\shared\src\macros.rs - macros::ensure (line 41) ... ignored
test crates\shared\src\macros.rs - macros::invalid_arg (line 107) ... ignored
test crates\shared\src\macros.rs - macros::not_supported (line 123) ... ignored
test crates\shared\src\macros.rs - macros::query_err (line 75) ... ignored
test crates\shared\src\macros.rs - macros::storage_err (line 91) ... ignored
test crates\shared\src\macros.rs - macros::timeout (line 136) ... ignored

test result: ok. 0 passed; 0 failed; 9 ignored; 0 measured; 0 filtered out; finished in 0.01s

   Doc-tests rds_workbench

running 0 tests

test result: ok. 0 passed; 0 failed; 0 ignored; 0 measured; 0 filtered out; finished in 0.00s

