cargo :    Compiling rds-workbench v0.1.0 (D:\RdataStation\RDS\RdataStation-v2\crates\workbench)
所在位置 行:1 字符: 1
+ cargo test -p rds-workbench -j 2 --manifest-path "D:\RdataStation\RDS ...
+ ~~~~~~~~~~~~~~~~~~~~~~~~~~~~~~~~~~~~~~~~~~~~~~~~~~~~~~~~~~~~~~~~~~~~~
    + CategoryInfo          : NotSpecified: (   Compiling rd...ates\workbench):String) [], RemoteException
    + FullyQualifiedErrorId : NativeCommandError
 
warning: linker stdout: 正在创建库 D:\RdataStation\RDS\RdataStation-v2\target\debug\examples\seed_demo.lib 和对象 D:\RdataStati
on\RDS\RdataStation-v2\target\debug\examples\seed_demo.exp
  |
  = note: `#[warn(linker_messages)]` on by default

warning: `rds-workbench` (example "seed_demo") generated 1 warning
warning: linker stdout: 正在创建库 D:\RdataStation\RDS\RdataStation-v2\target\debug\deps\rds_workbench-81daebbdc735854a.lib 
和对象 D:\RdataStation\RDS\RdataStation-v2\target\debug\deps\rds_workbench-81daebbdc735854a.exp
  |
  = note: `#[warn(linker_messages)]` on by default

warning: `rds-workbench` (lib test) generated 1 warning
warning: linker stdout: 正在创建库 D:\RdataStation\RDS\RdataStation-v2\target\debug\deps\real_connections-2f7cb662bf0cd4ed.l
ib 和对象 D:\RdataStation\RDS\RdataStation-v2\target\debug\deps\real_connections-2f7cb662bf0cd4ed.exp
  |
  = note: `#[warn(linker_messages)]` on by default

warning: `rds-workbench` (test "real_connections") generated 1 warning
    Finished `test` profile [unoptimized + debuginfo] target(s) in 1m 15s
     Running unittests src\lib.rs (D:\RdataStation\RDS\RdataStation-v2\target\debug\deps\rds_workbench-81daebbdc735854a
.exe)

running 8 tests
test services::secret_integration::tests::test_db_type_mapping ... ok
test services::secret_integration::tests::test_parse_full_url ... ok
test services::secret_integration::tests::test_parse_without_creds ... ok
test services::secret_integration::tests::test_secret_name_sanitize ... ok
test services::secret_integration::tests::test_parse_file_db ... ok
test services::connection_service::tests::test_connect_empty_url ... ok
test services::connection_service::tests::test_connect_invalid_db_type ... ok
test services::secret_integration::tests::test_register_postgres_secret_roundtrip ... ok

test result: ok. 8 passed; 0 failed; 0 ignored; 0 measured; 0 filtered out; finished in 0.70s

     Running tests\real_connections.rs (D:\RdataStation\RDS\RdataStation-v2\target\debug\deps\real_connections-2f7cb662
bf0cd4ed.exe)

running 4 tests
test save_connection_at_then_load_roundtrip ... FAILED
test empty_db_returns_empty_list ... ok
test global_db_roundtrip_maps_to_connection_items ... ok
test second_connection_persists_after_reopen ... ok

failures:

---- save_connection_at_then_load_roundtrip stdout ----

thread 'save_connection_at_then_load_roundtrip' (12968) panicked at D:\Dev\Rust\.cargo\registry\src\mirrors.tuna.tsinghua.edu.cn-4dc01642fd091eda\tokio-1.53.1\src\runtime\scheduler\multi_thread\mod.rs:91:9:
Cannot start a runtime from within a runtime. This happens because a function (like `block_on`) attempted to block the current thread while the thread is being used to drive asynchronous tasks.
note: run with `RUST_BACKTRACE=1` environment variable to display a backtrace


failures:
    save_connection_at_then_load_roundtrip

test result: FAILED. 3 passed; 1 failed; 0 ignored; 0 measured; 0 filtered out; finished in 1.06s

error: test failed, to rerun pass `-p rds-workbench --test real_connections`
