cargo :    Compiling rds-engine v0.1.0 (D:\RdataStation\RDS\RdataStation-v2\crates\engine)
所在位置 行:1 字符: 1
+ cargo test -p rds-workbench -j 2 --manifest-path "D:\RdataStation\RDS ...
+ ~~~~~~~~~~~~~~~~~~~~~~~~~~~~~~~~~~~~~~~~~~~~~~~~~~~~~~~~~~~~~~~~~~~~~
    + CategoryInfo          : NotSpecified: (   Compiling rd...\crates\engine):String) [], RemoteException
    + FullyQualifiedErrorId : NativeCommandError
 
   Compiling rds-insight v0.1.0 (D:\RdataStation\RDS\RdataStation-v2\crates\insight)
   Compiling rds-workbench v0.1.0 (D:\RdataStation\RDS\RdataStation-v2\crates\workbench)
error[E0382]: use of moved value: `entity`
   --> crates\workbench\src\panels.rs:470:27
    |
316 |         let entity = cx.entity();
    |             ------ move occurs because `entity` has type `gpui_kit::Entity<EditorPanel>`, which does not implemen
t the `Copy` trait
...
444 |                                     .on_click(move |_, _, app| {
    |                                               ---------------- value moved into closure here
...
458 |                                         entity.update(app, |_, cx| cx.notify());
    |                                         ------ variable moved due to use in closure
...
470 |                 .on_click(move |_, _, app| {
    |                           ^^^^^^^^^^^^^^^^ value used here after move
471 |                     entity.update(app, |editor, cx| {
    |                     ------ use occurs due to use in closure
    |
help: consider cloning the value before moving it into the closure
    |
395 ~             let value = entity.clone();
396 ~             content = content.child(
397 |                 div()
...
458 |                                         }
459 ~                                         value.update(app, |_, cx| cx.notify());
    |

error[E0277]: `?` couldn't convert the error to `std::string::String`
  --> crates\workbench\src\services\workspace_loader.rs:94:74
   |
94 |         let manager = GlobalDatabaseManager::new(sqlite, duckdb, 2).await?;
   |                       ---------------------------------------------------^ the trait `From<CoreError>` is not impl
emented for `std::string::String`
   |                       |
   |                       this can't be annotated with `?` because it has type `Result<_, CoreError>`
   |
   = note: the question mark operation (`?`) implicitly performs a conversion on the error value using the `From` trait
   = help: `std::string::String` implements trait `From<T>`:
             From<&Rope>
             From<&mut str>
             From<&ropey::slice::RopeSlice<'_>>
             From<&std::string::String>
             From<&str>
             From<&tendril::tendril::Tendril<tendril::fmt::UTF8, A>>
             From<Box<str>>
             From<Cow<'_, str>>
           and 12 others

Some errors have detailed explanations: E0277, E0382.
For more information about an error, try `rustc --explain E0277`.
error: could not compile `rds-workbench` (lib) due to 2 previous errors
warning: build failed, waiting for other jobs to finish...
