cargo : warning: linker stdout: 正在创建库 D:\RdataStation\RDS\RdataStation-v2\target\debug\deps\rds_workbench-81daebbdc7358
54a.lib 和对象 D:\RdataStation\RDS\RdataStation-v2\target\debug\deps\rds_workbench-81daebbdc735854a.exp
所在位置 行:1 字符: 1
+ cargo test -p rds-workbench -j 2 --manifest-path "D:\RdataStation\RDS ...
+ ~~~~~~~~~~~~~~~~~~~~~~~~~~~~~~~~~~~~~~~~~~~~~~~~~~~~~~~~~~~~~~~~~~~~~
    + CategoryInfo          : NotSpecified: (warning: linker...bbdc735854a.exp:String) [], RemoteException
    + FullyQualifiedErrorId : NativeCommandError
 
  |
  = note: `#[warn(linker_messages)]` on by default

warning: `rds-workbench` (lib test) generated 1 warning
warning: linker stdout: 正在创建库 D:\RdataStation\RDS\RdataStation-v2\target\debug\deps\db_navigator-b4bdacc0ed4de0f4.lib 和
对象 D:\RdataStation\RDS\RdataStation-v2\target\debug\deps\db_navigator-b4bdacc0ed4de0f4.exp
  |
  = note: `#[warn(linker_messages)]` on by default

warning: `rds-workbench` (test "db_navigator") generated 1 warning
   Compiling rds-workbench v0.1.0 (D:\RdataStation\RDS\RdataStation-v2\crates\workbench)
warning: linker stdout: 正在创建库 D:\RdataStation\RDS\RdataStation-v2\target\debug\deps\real_connections-2f7cb662bf0cd4ed.l
ib 和对象 D:\RdataStation\RDS\RdataStation-v2\target\debug\deps\real_connections-2f7cb662bf0cd4ed.exp
  |
  = note: `#[warn(linker_messages)]` on by default

warning: `rds-workbench` (test "real_connections") generated 1 warning
warning: linker stdout: 正在创建库 D:\RdataStation\RDS\RdataStation-v2\target\debug\examples\seed_demo.lib 和对象 D:\RdataStati
on\RDS\RdataStation-v2\target\debug\examples\seed_demo.exp
  |
  = note: `#[warn(linker_messages)]` on by default

warning: `rds-workbench` (example "seed_demo") generated 1 warning
    Finished `test` profile [unoptimized + debuginfo] target(s) in 16.77s
     Running unittests src\lib.rs (D:\RdataStation\RDS\RdataStation-v2\target\debug\deps\rds_workbench-81daebbdc735854a
.exe)

running 8 tests
test services::secret_integration::tests::test_secret_name_sanitize ... ok
test services::secret_integration::tests::test_parse_file_db ... ok
test services::secret_integration::tests::test_parse_full_url ... ok
test services::secret_integration::tests::test_parse_without_creds ... ok
test services::secret_integration::tests::test_db_type_mapping ... ok
test services::connection_service::tests::test_connect_empty_url ... ok
test services::connection_service::tests::test_connect_invalid_db_type ... ok
test services::secret_integration::tests::test_register_postgres_secret_roundtrip ... ok

test result: ok. 8 passed; 0 failed; 0 ignored; 0 measured; 0 filtered out; finished in 0.21s

     Running tests\db_navigator.rs (D:\RdataStation\RDS\RdataStation-v2\target\debug\deps\db_navigator-b4bdacc0ed4de0f4
.exe)

running 2 tests
test navigator_empty_db_returns_empty ... FAILED
test navigator_reads_tables_and_columns ... FAILED

failures:

---- navigator_empty_db_returns_empty stdout ----

thread 'navigator_empty_db_returns_empty' (27268) panicked at crates\workbench\tests\db_navigator.rs:53:10:
load empty tree: "打开分析库失败: [DB_DRIVER] Database 'duckdb' operation 'connect' failed: IO Error: Cannot open file \"C:\\Users\\sling\\AppData\\Local\\Temp\\rds_nav_nav_empty_6868\\empty.duckdb\": 另一个程序正在使用此文件，进程无法访问。\r\n\nFile is already open in \nD:\\RdataStation\\RDS\\RdataStation-v2\\target\\debug\\deps\\db_navigator-b4bdacc0ed4de0f4.exe (PID 6868)"
note: run with `RUST_BACKTRACE=1` environment variable to display a backtrace

---- navigator_reads_tables_and_columns stdout ----

thread 'navigator_reads_tables_and_columns' (24816) panicked at crates\workbench\tests\db_navigator.rs:33:10:
load navigator tree: "打开分析库失败: [DB_DRIVER] Database 'duckdb' operation 'connect' failed: IO Error: Cannot open file \"C:\\Users\\sling\\AppData\\Local\\Temp\\rds_nav_nav_6868\\analytics.duckdb\": 另一个程序正在使用此文件，进程无法访问。\r\n\nFile is already open in \nD:\\RdataStation\\RDS\\RdataStation-v2\\target\\debug\\deps\\db_navigator-b4bdacc0ed4de0f4.exe (PID 6868)"


failures:
    navigator_empty_db_returns_empty
    navigator_reads_tables_and_columns

test result: FAILED. 0 passed; 2 failed; 0 ignored; 0 measured; 0 filtered out; finished in 0.29s

error: test failed, to rerun pass `-p rds-workbench --test db_navigator`
