cargo :    Compiling rds-workbench v0.1.0 (D:\RdataStation\RDS\RdataStation-v2\crates\workbench)
所在位置 行:1 字符: 71
+ ... borrow.py"; cargo test -p rds-workbench -j 2 --manifest-path "D:\Rdat ...
+                 ~~~~~~~~~~~~~~~~~~~~~~~~~~~~~~~~~~~~~~~~~~~~~~~~~~~~~~~~~
    + CategoryInfo          : NotSpecified: (   Compiling rd...ates\workbench):String) [], RemoteException
    + FullyQualifiedErrorId : NativeCommandError
 
warning: linker stdout: 正在创建库 D:\RdataStation\RDS\RdataStation-v2\target\debug\examples\seed_demo.lib 和对象 D:\RdataStati
on\RDS\RdataStation-v2\target\debug\examples\seed_demo.exp
  |
  = note: `#[warn(linker_messages)]` on by default

warning: `rds-workbench` (example "seed_demo") generated 1 warning
warning: linker stdout: 正在创建库 D:\RdataStation\RDS\RdataStation-v2\target\debug\deps\rds_workbench-81daebbdc735854a.lib 
和对象 D:\RdataStation\RDS\RdataStation-v2\target\debug\deps\rds_workbench-81daebbdc735854a.exp
  |
  = note: `#[warn(linker_messages)]` on by default

warning: `rds-workbench` (lib test) generated 1 warning
warning: linker stdout: 正在创建库 D:\RdataStation\RDS\RdataStation-v2\target\debug\deps\real_connections-2f7cb662bf0cd4ed.l
ib 和对象 D:\RdataStation\RDS\RdataStation-v2\target\debug\deps\real_connections-2f7cb662bf0cd4ed.exp
  |
  = note: `#[warn(linker_messages)]` on by default

warning: linker stdout: 正在创建库 D:\RdataStation\RDS\RdataStation-v2\target\debug\deps\query_runner-9022e10fa3b47e26.lib 和
对象 D:\RdataStation\RDS\RdataStation-v2\target\debug\deps\query_runner-9022e10fa3b47e26.exp
  |
  = note: `#[warn(linker_messages)]` on by default

warning: `rds-workbench` (test "query_runner") generated 1 warning
warning: `rds-workbench` (test "real_connections") generated 1 warning
warning: linker stdout: 正在创建库 D:\RdataStation\RDS\RdataStation-v2\target\debug\deps\db_navigator-b4bdacc0ed4de0f4.lib 和
对象 D:\RdataStation\RDS\RdataStation-v2\target\debug\deps\db_navigator-b4bdacc0ed4de0f4.exp
  |
  = note: `#[warn(linker_messages)]` on by default

warning: `rds-workbench` (test "db_navigator") generated 1 warning
    Finished `test` profile [unoptimized + debuginfo] target(s) in 1m 26s
     Running unittests src\lib.rs (D:\RdataStation\RDS\RdataStation-v2\target\debug\deps\rds_workbench-81daebbdc735854a
.exe)

running 8 tests
test services::secret_integration::tests::test_db_type_mapping ... ok
test services::secret_integration::tests::test_parse_full_url ... ok
test services::secret_integration::tests::test_parse_file_db ... ok
test services::secret_integration::tests::test_parse_without_creds ... ok
test services::secret_integration::tests::test_secret_name_sanitize ... ok
test services::connection_service::tests::test_connect_empty_url ... ok
test services::connection_service::tests::test_connect_invalid_db_type ... ok
test services::secret_integration::tests::test_register_postgres_secret_roundtrip ... ok

test result: ok. 8 passed; 0 failed; 0 ignored; 0 measured; 0 filtered out; finished in 0.20s

     Running tests\db_navigator.rs (D:\RdataStation\RDS\RdataStation-v2\target\debug\deps\db_navigator-b4bdacc0ed4de0f4
.exe)

running 2 tests
test navigator_empty_db_returns_empty ... ok
test navigator_reads_tables_and_columns ... ok

test result: ok. 2 passed; 0 failed; 0 ignored; 0 measured; 0 filtered out; finished in 0.30s

     Running tests\query_runner.rs (D:\RdataStation\RDS\RdataStation-v2\target\debug\deps\query_runner-9022e10fa3b47e26
.exe)

running 3 tests
test execute_sql_errors_on_empty_sql ... ok
test execute_sql_invalid_sql_reports_error ... ok
test execute_sql_select_returns_columns_and_rows ... FAILED

failures:

---- execute_sql_select_returns_columns_and_rows stdout ----

thread 'execute_sql_select_returns_columns_and_rows' (25260) panicked at crates\workbench\tests\query_runner.rs:37:5:
assertion `left == right` failed
  left: ["1", "\"paid\""]
 right: ["1", "paid"]
note: run with `RUST_BACKTRACE=1` environment variable to display a backtrace


failures:
    execute_sql_select_returns_columns_and_rows

test result: FAILED. 2 passed; 1 failed; 0 ignored; 0 measured; 0 filtered out; finished in 0.14s

error: test failed, to rerun pass `-p rds-workbench --test query_runner`
