cargo :     Checking rds-workbench v0.1.0 (D:\RdataStation\RDS\RdataStation-v2\crates\workbench)
所在位置 行:5 字符: 5
+ " ; cargo check -p rds-workbench -j 2 --manifest-path "D:\RdataStatio ...
+     ~~~~~~~~~~~~~~~~~~~~~~~~~~~~~~~~~~~~~~~~~~~~~~~~~~~~~~~~~~~~~~~~~
    + CategoryInfo          : NotSpecified: (    Checking rd...ates\workbench):String) [], RemoteException
    + FullyQualifiedErrorId : NativeCommandError
 
error[E0382]: the type `Rc` does not implement `Copy`
    --> crates\workbench\src\panels.rs:625:30
     |
 576 |                 let query_result = self.query_result.clone();
     |                     ------------ this move could be avoided by cloning the original `Rc`, which is inexpensive
...
 602 |                                     .on_click(move |_, _, app| {
     |                                               ---------------- value moved into closure here
...
 608 |                                                 *query_result.borrow_mut() = Some(out);
     |                                                  ------------ variable moved due to use in closure
...
 625 |                 let result = query_result.borrow().clone();
     |                              ^^^^^^^^^^^^ value borrowed here after move
     |
     = note: consider using `Rc::clone`
     = note: borrow occurs due to deref coercion to `RefCell<std::option::Option<QueryOutput>>`
note: deref defined here
    --> D:\Dev\Rust\.rustup\toolchains\stable-x86_64-pc-windows-msvc\lib/rustlib/src/rust\library\alloc\src\rc.rs:2431:
5
     |
2431 |     type Target = T;
     |     ^^^^^^^^^^^
help: consider cloning the value before moving it into the closure
     |
 580 ~                 let value = query_result.clone();
 581 ~                 let mut sql_ui = div()
 582 |                     .v_flex()
 ...
 608 |                                             Ok(out) => {
 609 ~                                                 *value.borrow_mut() = Some(out);
     |

For more information about this error, try `rustc --explain E0382`.
error: could not compile `rds-workbench` (lib) due to 1 previous error
