cargo :    Compiling rds-workbench v0.1.0 (D:\RdataStation\RDS\RdataStation-v2\crates\workbench)
所在位置 行:1 字符: 138
+ ... button.py"; cargo test -p rds-workbench -j 2 --manifest-path "D:\Rdat ...
+                 ~~~~~~~~~~~~~~~~~~~~~~~~~~~~~~~~~~~~~~~~~~~~~~~~~~~~~~~~~
    + CategoryInfo          : NotSpecified: (   Compiling rd...ates\workbench):String) [], RemoteException
    + FullyQualifiedErrorId : NativeCommandError
 
error[E0382]: borrow of partially moved value: `shared`
   --> crates\workbench\src\panels.rs:667:45
    |
603 |                                     .on_click(move |_, _, app| {
    |                                               ---------------- value partially moved into closure here
...
611 |                                                 *shared.notice.borrow_mut() =
    |                                                  ------------- variable partially moved due to use in closure
...
667 |                         let shared_export = shared.clone();
    |                                             ^^^^^^ value borrowed here after partial move
    |
    = note: partial move occurs because `shared.notice` has type `Rc<RefCell<std::option::Option<std::string::String>>>
`, which does not implement the `Copy` trait

error[E0382]: borrow of moved value: `entity`
   --> crates\workbench\src\panels.rs:668:45
    |
579 |                 let entity = entity.clone();
    |                     ------ move occurs because `entity` has type `gpui_kit::Entity<EditorPanel>`, which does not 
implement the `Copy` trait
...
603 |                                     .on_click(move |_, _, app| {
    |                                               ---------------- value moved into closure here
...
619 |                                         entity.update(app, |_, cx| cx.notify());
    |                                         ------ variable moved due to use in closure
...
668 |                         let entity_export = entity.clone();
    |                                             ^^^^^^ value borrowed here after move
    |
help: consider cloning the value before moving it into the closure
    |
581 ~                 let value = entity.clone();
582 ~                 let mut sql_ui = div()
583 |                     .v_flex()
...
619 |                                         }
620 ~                                         value.update(app, |_, cx| cx.notify());
    |

For more information about this error, try `rustc --explain E0382`.
error: could not compile `rds-workbench` (lib) due to 2 previous errors
warning: build failed, waiting for other jobs to finish...
error: could not compile `rds-workbench` (lib test) due to 2 previous errors
