cargo :    Compiling rds-workbench v0.1.0 (D:\RdataStation\RDS\RdataStation-v2\crates\workbench)
所在位置 行:1 字符: 139
+ ... istory.py"; cargo test -p rds-workbench -j 2 --manifest-path "D:\Rdat ...
+                 ~~~~~~~~~~~~~~~~~~~~~~~~~~~~~~~~~~~~~~~~~~~~~~~~~~~~~~~~~
    + CategoryInfo          : NotSpecified: (   Compiling rd...ates\workbench):String) [], RemoteException
    + FullyQualifiedErrorId : NativeCommandError
 
error[E0283]: type annotations needed
   --> crates\workbench\src\panels.rs:684:75
    |
684 | ...                   s.set_value(sql_clone.clone().into(), window, cx)
    |                         ---------                   ^^^^
    |                         |
    |                         required by a bound introduced by this call
    |
    = note: the type must implement `Into<gpui_kit::SharedString>`
note: required by a bound in `InputBaseState::<M>::set_value`
   --> D:\Dev\Rust\.cargo\registry\src\mirrors.tuna.tsinghua.edu.cn-4dc01642fd091eda\gpui-base-0.6.0\src\input\base\sta
te.rs:832:21
    |
830 |     pub fn set_value(
    |            --------- required by a bound in this associated function
831 |         &mut self,
832 |         value: impl Into<SharedString>,
    |                     ^^^^^^^^^^^^^^^^^^ required by this bound in `InputBaseState::<M>::set_value`
help: try using a fully qualified path to specify the expected types
    |
684 -                                             s.set_value(sql_clone.clone().into(), window, cx)
684 +                                             s.set_value(<std::string::String as Into<T>>::into(sql_clone.clone())
, window, cx)
    |
help: consider removing this method call, as the receiver has type `std::string::String` and `std::string::String: Into
<gpui_kit::SharedString>` trivially holds
    |
684 -                                             s.set_value(sql_clone.clone().into(), window, cx)
684 +                                             s.set_value(sql_clone.clone(), window, cx)
    |

For more information about this error, try `rustc --explain E0283`.
error: could not compile `rds-workbench` (lib test) due to 1 previous error
warning: build failed, waiting for other jobs to finish...
error: could not compile `rds-workbench` (lib) due to 1 previous error
