cargo :    Compiling proc-macro2 v1.0.107
所在位置 行:1 字符: 1
+ cargo build -p rds-app -j 2 --manifest-path "D:\RdataStation\RDS\Rdat ...
+ ~~~~~~~~~~~~~~~~~~~~~~~~~~~~~~~~~~~~~~~~~~~~~~~~~~~~~~~~~~~~~~~~~~~~~
    + CategoryInfo          : NotSpecified: (   Compiling proc-macro2 v1.0.107:String) [], RemoteException
    + FullyQualifiedErrorId : NativeCommandError
 
   Compiling quote v1.0.47
   Compiling unicode-ident v1.0.24
   Compiling cfg-if v1.0.4
   Compiling serde_core v1.0.229
   Compiling syn v3.0.5
   Compiling syn v2.0.119
   Compiling windows-link v0.2.1
   Compiling serde v1.0.229
   Compiling serde_derive v1.0.229
   Compiling version_check v0.9.5
   Compiling memchr v2.8.3
   Compiling typenum v1.20.1
   Compiling zeroize v1.9.0
   Compiling getrandom v0.2.17
   Compiling autocfg v1.5.1
   Compiling libm v0.2.16
   Compiling rand_core v0.6.4
   Compiling typeid v1.0.3
   Compiling erased-serde v0.4.10
   Compiling num-traits v0.2.19
   Compiling serde_fmt v1.1.0
   Compiling value-bag-serde1 v1.14.1
   Compiling value-bag v1.14.1
   Compiling log v0.4.34
   Compiling smallvec v1.16.0
   Compiling scopeguard v1.2.0
   Compiling lock_api v0.4.14
   Compiling bytes v1.12.1
   Compiling generic-array v0.14.7
   Compiling equivalent v1.0.2
   Compiling hashbrown v0.17.1
   Compiling const-oid v0.9.6
   Compiling pin-project-lite v0.2.17
   Compiling subtle v2.6.1
   Compiling crypto-common v0.1.7
   Compiling once_cell v1.21.4
   Compiling windows-sys v0.61.2
   Compiling parking_lot_core v0.9.12
   Compiling indexmap v2.14.2
   Compiling getrandom v0.4.3
   Compiling itoa v1.0.18
   Compiling zerocopy v0.8.57
   Compiling futures-core v0.3.34
   Compiling zerocopy-derive v0.8.57
   Compiling jobserver v0.1.35
   Compiling find-msvc-tools v0.1.12
   Compiling shlex v2.0.1
   Compiling futures-io v0.3.34
   Compiling cc v1.4.5
   Compiling block-buffer v0.10.4
   Compiling digest v0.10.7
   Compiling parking_lot v0.12.5
   Compiling bitflags v2.13.1
   Compiling zmij v1.0.23
   Compiling ppv-lite86 v0.2.21
   Compiling synstructure v0.13.2
   Compiling stable_deref_trait v1.2.1
   Compiling cpufeatures v0.2.17
   Compiling aho-corasick v1.1.5
   Compiling regex-syntax v0.8.11
   Compiling bytemuck v1.25.2
   Compiling futures-task v0.3.34
   Compiling slab v0.4.12
   Compiling crossbeam-utils v0.8.23
   Compiling displaydoc v0.2.7
   Compiling zerofrom-derive v0.1.7
   Compiling yoke-derive v0.8.2
   Compiling futures-sink v0.3.34
   Compiling zerofrom v0.1.8
   Compiling getrandom v0.3.4
   Compiling yoke v0.8.3
   Compiling adler2 v2.0.1
   Compiling futures-channel v0.3.34
   Compiling either v1.18.0
   Compiling futures-macro v0.3.34
   Compiling zerovec-derive v0.11.6
   Compiling percent-encoding v2.3.2
   Compiling crc32fast v1.5.1
   Compiling zerovec v0.11.8
   Compiling futures-util v0.3.34
   Compiling chrono v0.4.45
   Compiling rand_chacha v0.3.1
   Compiling rand v0.8.8
   Compiling block-padding v0.3.3
   Compiling serde_json v1.0.151
   Compiling siphasher v1.0.3
   Compiling inout v0.1.4
   Compiling tinystr v0.8.4
   Compiling writeable v0.6.4
   Compiling litemap v0.8.3
   Compiling cipher v0.4.4
   Compiling icu_locale_core v2.3.0
   Compiling potential_utf v0.1.6
   Compiling zerotrie v0.2.5
   Compiling num-integer v0.1.47
   Compiling utf8_iter v1.0.4
   Compiling simd-adler32 v0.3.10
   Compiling icu_normalizer_data v2.3.0
   Compiling icu_collections v2.3.0
   Compiling icu_provider v2.3.1
   Compiling tracing-attributes v0.1.31
   Compiling libc v0.2.189
   Compiling allocator-api2 v0.2.21
   Compiling thiserror v2.0.20
   Compiling foldhash v0.1.5
   Compiling semver v1.0.28
   Compiling icu_properties_data v2.3.0
   Compiling base64 v0.22.1
   Compiling hashbrown v0.15.5
   Compiling sha2 v0.10.9
   Compiling thiserror-impl v2.0.20
   Compiling parking v2.2.1
   Compiling rustc_version v0.4.1
   Compiling mio v1.2.3
   Compiling socket2 v0.6.5
   Compiling tokio-macros v2.7.2
   Compiling icu_properties v2.3.0
   Compiling tokio v1.53.1
   Compiling regex-automata v0.4.18
   Compiling windows_x86_64_msvc v0.52.6
   Compiling miniz_oxide v0.9.1
   Compiling half v2.7.1
   Compiling tracing-core v0.1.36
   Compiling spin v0.9.9
   Compiling tinyvec_macros v0.1.1
   Compiling crossbeam-epoch v0.9.21
   Compiling tinyvec v1.13.2
   Compiling flate2 v1.1.10
   Compiling hmac v0.12.1
   Compiling base64ct v1.8.3
   Compiling byteorder v1.5.0
   Compiling windows-targets v0.52.6
   Compiling pem-rfc7468 v0.7.0
   Compiling event-listener v5.4.2
   Compiling num-complex v0.4.6
   Compiling crossbeam-deque v0.8.8
   Compiling unicode-properties v0.1.4
   Compiling lazy_static v1.5.0
   Compiling tracing v0.1.44
   Compiling num-bigint v0.4.8
   Compiling ring v0.17.14
   Compiling unicode-bidi v0.3.18
   Compiling rand_core v0.10.1
   Compiling arrayvec v0.7.8
   Compiling aes v0.8.4
   Compiling ahash v0.8.12
   Compiling pbkdf2 v0.12.2
   Compiling rustls-pki-types v1.15.1
   Compiling windows_x86_64_msvc v0.48.5
   Compiling der v0.7.10
   Compiling salsa20 v0.10.2
   Compiling cbc v0.1.2
   Compiling untrusted v0.9.0
   Compiling unicode-segmentation v1.13.3
   Compiling thiserror v1.0.69
   Compiling spki v0.7.3
   Compiling scrypt v0.11.0
   Compiling tokio-util v0.7.19
   Compiling icu_normalizer v2.3.0
   Compiling md-5 v0.10.6
   Compiling cmake v0.1.58
   Compiling hybrid-array v0.4.15
   Compiling thiserror-impl v1.0.69
   Compiling time-core v0.1.9
   Compiling num-conv v0.2.2
   Compiling ryu v1.0.23
   Compiling time-macros v0.2.32
   Compiling idna_adapter v1.2.2
   Compiling windows-targets v0.48.5
   Compiling pkcs5 v0.7.1
   Compiling form_urlencoded v1.2.2
   Compiling heck v0.5.0
   Compiling powerfmt v0.2.0
   Compiling pkg-config v0.3.34
   Compiling rustc-hash v2.1.3
   Compiling deranged v0.5.8
   Compiling pkcs8 v0.10.2
   Compiling windows-sys v0.48.0
   Compiling time v0.3.55
   Compiling idna v1.1.0
   Compiling block-buffer v0.12.1
   Compiling crypto-common v0.2.2
   Compiling futures-executor v0.3.34
   Compiling const-oid v0.10.2
   Compiling futures v0.3.34
   Compiling url v2.5.8
   Compiling regex v1.13.1
   Compiling atomic v0.6.1
   Compiling cpufeatures v0.3.1
   Compiling dunce v1.0.5
   Compiling bitflags v1.3.2
   Compiling sha1_smol v1.0.1
   Compiling fastrand v2.5.0
   Compiling uuid v1.26.0
   Compiling arrow-buffer v58.4.0
   Compiling arrow-schema v58.4.0
   Compiling http v1.5.0
   Compiling unicode-width v0.2.2
   Compiling winapi v0.3.9
   Compiling anyhow v1.0.104
   Compiling simdutf8 v0.1.5
   Compiling arrow-data v58.4.0
   Compiling crossbeam-queue v0.3.14
   Compiling schannel v0.1.29
   Compiling atoi v2.0.0
   Compiling cmov v0.5.4
   Compiling rustversion v1.0.23
   Compiling base64 v0.23.1
   Compiling minimal-lexical v0.2.1
   Compiling num-bigint-dig v0.8.6
   Compiling ctutils v0.4.2
   Compiling arrow-array v58.4.0
   Compiling hkdf v0.12.4
   Compiling concurrent-queue v2.5.0
   Compiling signature v2.2.0
   Compiling bstr v1.13.1
   Compiling windows-strings v0.5.1
   Compiling windows-result v0.4.1
   Compiling fnv v1.0.7
   Compiling winnow v1.0.4
   Compiling glob v0.3.4
   Compiling digest v0.11.3
   Compiling toml_parser v1.1.3+spec-1.1.0
   Compiling futures-lite v2.6.1
   Compiling unicode-normalization v0.1.25
   Compiling hashlink v0.10.0
   Compiling winapi-util v0.1.11
   Compiling slotmap v1.1.1
   Compiling toml_datetime v1.1.1+spec-1.1.0
   Compiling fs_extra v1.3.0
   Compiling which v8.0.6
   Compiling lexical-util v1.0.7
   Compiling atomic-waker v1.1.2
   Compiling gpui-pre-util v0.3.4
   Compiling aws-lc-sys v0.45.0
   Compiling same-file v1.0.6
   Compiling stringprep v0.1.5
   Compiling http-body v1.1.0
   Compiling sharded-slab v0.1.7
   Compiling event-listener-strategy v0.5.4
   Compiling tracing-log v0.2.0
   Compiling tracing-serde v0.2.0
   Compiling matchers v0.2.0
   Compiling miniz_oxide v0.8.9
   Compiling phf_shared v0.11.3
   Compiling rand_core v0.9.5
   Compiling nu-ansi-term v0.50.3
   Compiling ff v0.13.1
   Compiling core_maths v0.1.1
   Compiling pin-project-internal v1.1.13
   Compiling thread_local v1.1.10
   Compiling static_assertions v1.1.0
   Compiling target-features v0.1.6
   Compiling async-task v4.7.1
   Compiling float-cmp v0.9.0
   Compiling base16ct v0.2.0
   Compiling strict-num v0.1.1
   Compiling pin-project v1.1.13
   Compiling sec1 v0.7.3
   Compiling tracing-subscriber v0.3.23
   Compiling ttf-parser v0.25.1
   Compiling group v0.13.0
   Compiling rand_chacha v0.9.0
   Compiling walkdir v2.5.0
   Compiling globset v0.4.20
   Compiling arrow-select v58.4.0
   Compiling webpki-roots v1.0.9
   Compiling fdeflate v0.3.7
   Compiling vswhom-sys v0.1.3
   Compiling universal-hash v0.5.1
   Compiling crypto-bigint v0.5.5
   Compiling euclid v0.22.14
   Compiling windows-interface v0.59.3
   Compiling windows-implement v0.60.2
   Compiling filetime v0.2.29
   Compiling vcpkg v0.2.15
   Compiling httparse v1.10.1
   Compiling native-tls v0.2.18
   Compiling crc-catalog v2.5.0
   Compiling weezl v0.1.12
   Compiling arrayref v0.3.9
   Compiling opaque-debug v0.3.1
   Compiling unicase v2.9.0
   Compiling rayon-core v1.13.0
   Compiling option-ext v0.2.0
   Compiling dirs-sys v0.4.1
   Compiling tiny-skia-path v0.11.4
   Compiling crc v3.4.0
   Compiling windows-core v0.62.2
   Compiling elliptic-curve v0.13.8
   Compiling rand v0.9.5
   Compiling async-channel v2.5.0
   Compiling lexical-parse-integer v1.0.6
   Compiling lexical-write-integer v1.0.6
   Compiling gpui-pre-collections v0.3.4
   Compiling sha2 v0.11.0
   Compiling crossterm_winapi v0.9.1
   Compiling windows-result v0.2.0
   Compiling memmap2 v0.9.11
   Compiling libbz2-rs-sys v0.2.5
   Compiling quick-error v2.0.1
   Compiling unicode-ccc v0.4.0
   Compiling rustls v0.23.44
   Compiling paste v1.0.15
   Compiling unicode-script v0.5.8
   Compiling color_quant v1.1.0
   Compiling hex v0.4.3
   Compiling aws-lc-rs v1.18.1
   Compiling unicode-bidi-mirroring v0.4.0
   Compiling rustybuzz v0.20.1
   Compiling bzip2 v0.6.1
   Compiling fontdb v0.23.0
   Compiling windows-strings v0.1.0
   Compiling rustls-webpki v0.103.15
   Compiling crossterm v0.28.1
   Compiling lexical-write-float v1.0.6
   Compiling lexical-parse-float v1.0.6
   Compiling multiversion-macros v0.8.0
   Compiling dirs v5.0.1
   Compiling polyval v0.6.2
   Compiling lyon_geom v1.0.19
   Compiling phf_generator v0.11.3
   Compiling encoding_rs v0.8.40
   Compiling clang-sys v1.9.1
   Compiling convert_case v0.10.0
   Compiling polycool v0.4.0
   Compiling windows-sys v0.59.0
   Compiling rfc6979 v0.4.0
   Compiling num-iter v0.1.46
   Compiling simplecss v0.2.2
   Compiling pulp v0.22.3
   Compiling windows-interface v0.58.0
   Compiling windows-implement v0.58.0
   Compiling serde_spanned v1.1.1
   Compiling xmlwriter v0.1.0
   Compiling toml_writer v1.1.2+spec-1.1.0
   Compiling byteorder-lite v0.1.0
   Compiling zlib-rs v0.6.7
   Compiling pico-args v0.5.0
   Compiling unicode-xid v0.2.6
   Compiling zune-core v0.5.3
   Compiling data-url v0.3.2
   Compiling compression-core v0.4.33
   Compiling unicode-vo v0.1.0
   Compiling ref-cast v1.0.27
   Compiling bumpalo v3.20.3
   Compiling zopfli v0.8.3
   Compiling compression-codecs v0.4.40
   Compiling zune-jpeg v0.5.15
   Compiling derive_more-impl v2.1.1
   Compiling image-webp v0.2.4
   Compiling toml v1.1.5+spec-1.1.0
   Compiling windows-core v0.58.0
   Compiling ureq-proto v0.6.2
   Compiling ecdsa v0.16.9
   Compiling winreg v0.55.0
   Compiling kurbo v0.13.1
   Compiling lyon_path v1.0.19
   Compiling ghash v0.5.1
   Compiling vswhom v0.1.0
   Compiling multiversion v0.8.0
   Compiling lexical-core v1.0.6
   Compiling comfy-table v7.1.4
   Compiling primeorder v0.13.6
   Compiling png v0.17.16
   Compiling arrow-ord v58.4.0
   Compiling toml_edit v0.25.13+spec-1.1.0
   Compiling pkcs1 v0.7.5
   Compiling zstd-sys v2.1.0+zstd.1.5.7
   Compiling serde_urlencoded v0.7.1
   Compiling tokio-stream v0.1.19
   Compiling hashbrown v0.14.5
   Compiling flatbuffers v25.12.19
   Compiling curve25519-dalek v4.1.3
   Compiling ctr v0.9.2
   Compiling sha1 v0.10.7
   Compiling raw-cpuid v11.6.0
   Compiling aead v0.5.2
   Compiling toml_datetime v0.6.11
   Compiling serde_spanned v0.6.9
   Compiling enumn v0.1.14
   Compiling windows-threading v0.2.1
   Compiling ref-cast-impl v1.0.27
   Compiling serde_derive_internals v0.30.0
   Compiling new_debug_unreachable v1.0.6
   Compiling gpui-pre-ztracing v0.3.4
   Compiling heapless v0.9.3
   Compiling pulp-wasm-simd-flag v0.1.1
   Compiling winnow v0.7.15
   Compiling core_detect v1.0.0
   Compiling multiversion_no_op v1.0.0
   Compiling toml_write v0.1.2
   Compiling reborrow v0.5.5
   Compiling dotenvy v0.15.7
   Compiling utf8-zero v0.8.1
   Compiling whoami v1.6.1
   Compiling ureq v3.4.1
   Compiling toml_edit v0.22.27
   Compiling schemars_derive v1.2.2
   Compiling accesskit v0.24.1
   Compiling windows-future v0.3.2
   Compiling aes-gcm v0.10.3
   Compiling rsa v0.9.10
   Compiling proc-macro-crate v3.5.0
   Compiling arrow-cast v58.4.0
   Compiling tiny-skia v0.11.4
   Compiling embed-resource v3.0.11
   Compiling futures-intrusive v0.5.0
   Compiling svgtypes v0.16.1
   Compiling windows v0.58.0
   Compiling derive_more v2.1.1
   Compiling zip v6.0.0
   Compiling async-compression v0.4.45
   Compiling phf_codegen v0.11.3
   Compiling string_cache_codegen v0.5.4
   Compiling rayon v1.12.0
   Compiling gif v0.14.2
   Compiling gpui-pre-zlog v0.3.4
   Compiling windows-collections v0.3.2
   Compiling windows-numerics v0.3.1
   Compiling tar v0.4.46
   Compiling nom v7.1.3
   Compiling chacha20 v0.10.2
   Compiling ssh-encoding v0.2.0
   Compiling hash32 v0.3.1
   Compiling zune-inflate v0.2.54
   Compiling rgb v0.8.53
   Compiling home v0.5.12
   Compiling csv-core v0.1.13
   Compiling roxmltree v0.21.1
   Compiling curve25519-dalek-derive v0.1.1
   Compiling libloading v0.8.9
   Compiling async-trait v0.1.92
   Compiling rustix v1.1.4
   Compiling float_next_after v1.0.0
   Compiling mime v0.3.17
   Compiling imagesize v0.14.0
   Compiling dyn-clone v1.0.20
   Compiling gpui-pre-ztracing-macro v0.3.4
   Compiling lebe v0.5.3
   Compiling rustc-demangle v0.1.28
   Compiling pxfm v0.1.30
   Compiling mac v0.1.1
   Compiling bit_field v0.10.3
   Compiling fax v0.2.7
   Compiling bindgen v0.72.1
   Compiling tiff v0.11.3
   Compiling exr v1.74.2
   Compiling moxcms v0.8.1
   Compiling futf v0.1.5
   Compiling backtrace v0.3.76
   Compiling usvg v0.46.0
   Compiling schemars v1.2.2
   Compiling lyon_tessellation v1.0.22
   Compiling sqlx-core v0.8.6
   Compiling csv v1.4.0
   Compiling rand v0.10.2
   Compiling rusticata-macros v4.1.0
   Compiling cexpr v0.6.0
   Compiling libduckdb-sys v1.10505.0
   Compiling windows v0.62.2
   Compiling markup5ever v0.12.1
   Compiling gpui-pre-http-client v0.3.4
   Compiling gpui-pre v0.3.4
   Compiling ignore v0.4.33
   Compiling toml v0.8.23
   Compiling lyon_algorithms v1.0.21
   Compiling gpui-pre-perf v0.3.4
   Compiling poly1305 v0.8.0
   Compiling libsqlite3-sys v0.30.1
   Compiling png v0.18.1
   Compiling piper v0.2.5
   Compiling ed25519 v2.2.3
   Compiling flume v0.12.0
   Compiling strum_macros v0.28.0
   Compiling windows-sys v0.52.0
   Compiling blowfish v0.9.1
   Compiling chacha20 v0.9.1
   Compiling itertools v0.13.0
   Compiling qoi v0.4.1
   Compiling asn1-rs-derive v0.6.0
   Compiling errno v0.3.14
   Compiling async-io v2.6.0
   Compiling gpui-pre-derive-refineable v0.3.4
   Compiling profiling-procmacros v1.0.18
   Compiling asn1-rs-impl v0.2.0
   Compiling shlex v1.3.0
   Compiling pollster v0.2.5
   Compiling foldhash v0.2.0
   Compiling smol_str v0.3.6
   Compiling fixedbitset v0.5.7
   Compiling web-time v1.1.0
   Compiling atomic v0.5.3
   Compiling linktime-proc-macro v0.2.3
   Compiling svg_fmt v0.4.5
   Compiling link-section v0.19.3
   Compiling precomputed-hash v0.1.1
   Compiling utf-8 v0.7.6
   Compiling zstd-safe v7.3.0
   Compiling tendril v0.4.3
   Compiling string_cache v0.8.9
   Compiling ctor v1.0.13
   Compiling etagere v0.2.15
   Compiling postage v0.5.0
   Compiling gpui-pre-scheduler v0.3.4
   Compiling futures-concurrency v7.7.1
   Compiling gpui-pre-shared-string v0.3.4
   Compiling hashbrown v0.16.1
   Compiling asn1-rs v0.7.2
   Compiling profiling v1.0.18
   Compiling gpui-pre-refineable v0.3.4
   Compiling image v0.25.10
   Compiling ssh-cipher v0.2.0
   Compiling etcetera v0.8.0
   Compiling bcrypt-pbkdf v0.10.0
   Compiling strum v0.28.0
   Compiling ed25519-dalek v2.2.0
   Compiling blocking v1.7.0
   Compiling gpui-pre-util-macros v0.3.4
   Compiling lyon v1.0.19
   Compiling subprocess v0.2.15
   Compiling arrow-ipc v58.4.0
   Compiling globwalk v0.8.1
   Compiling gpui-pre-sum-tree v0.3.4
   Compiling arrow-csv v58.4.0
   Compiling resvg v0.46.0
   Compiling arrow-json v58.4.0
   Compiling gpui-pre-macros v0.3.4
   Compiling dashmap v6.2.1
   Compiling p521 v0.13.3
   Compiling p384 v0.13.1
   Compiling p256 v0.13.2
   Compiling mime_guess v2.0.5
   Compiling arrow-string v58.4.0
   Compiling taffy v0.13.0
   Compiling phf v0.11.3
   Compiling arc-swap v1.9.2
   Compiling hmac v0.13.0
   Compiling md-5 v0.11.0
   Compiling windows-registry v0.6.1
   Compiling polling v3.11.0
   Compiling arrow-arith v58.4.0
   Compiling arrow-row v58.4.0
   Compiling strum_macros v0.27.2
   Compiling tokio-socks v0.5.3
   Compiling specta v2.0.0-rc.25
   Compiling itertools v0.14.0
   Compiling spin v0.10.1
   Compiling delegate v0.13.5
   Compiling windows_x86_64_msvc v0.53.1
   Compiling arraydeque v0.5.1
   Compiling fallible-streaming-iterator v0.1.9
   Compiling oid-registry v0.8.1
   Compiling raw-window-handle v0.6.2
   Compiling data-encoding v2.11.1
   Compiling Inflector v0.11.4
   Compiling seahash v4.1.0
   Compiling inventory v0.3.24
   Compiling num_cpus v1.17.0
   Compiling try-lock v0.2.5
   Compiling anstyle v1.0.14
   Compiling waker-fn v1.2.0
   Compiling pollster v0.4.0
   Compiling fallible-iterator v0.2.0
   Compiling fallible-iterator v0.3.0
   Compiling postgres-protocol v0.6.12
   Compiling annotate-snippets v0.12.16
   Compiling want v0.3.1
   Compiling specta-macros v2.0.0-rc.25
   Compiling granit-parser v1.2.0
   Compiling pageant v0.0.1
   Compiling strum v0.27.2
   Compiling sqlx-mysql v0.8.6
   Compiling arrow v58.4.0
   Compiling gpui-pre-windows v0.3.4
   Compiling triomphe v0.1.16
   Compiling ssh-key v0.6.7
   Compiling mysql_common v0.32.4
   Compiling sqlx-postgres v0.8.6
   Compiling accesskit_consumer v0.38.0
   Compiling russh-cryptovec v0.48.0
   Compiling encoding_rs_io v0.1.8
   Compiling hashlink v0.9.1
   Compiling tokio-native-tls v0.3.1
   Compiling h2 v0.4.19
   Compiling russh-util v0.48.0
   Compiling lru v0.12.5
   Compiling phf_shared v0.13.1
   Compiling crossbeam-channel v0.5.17
   Compiling html5ever v0.27.0
   Compiling serde_bytes v0.11.19
   Compiling nohash-hasher v0.2.0
   Compiling tower-service v0.3.3
   Compiling windows-link v0.1.3
   Compiling cast v0.3.0
   Compiling bit-vec v0.8.0
   Compiling ident_case v1.0.1
   Compiling base62 v2.2.4
   Compiling md5 v0.7.0
   Compiling russh-keys v0.49.2
   Compiling darling_core v0.20.11
   Compiling bit-set v0.8.0
   Compiling serde-saphyr v1.2.0
   Compiling russh-sftp v2.4.0
   Compiling phf v0.13.1
   Compiling hyper v1.11.1
   Compiling rusqlite v0.32.1
   Compiling accesskit_windows v0.34.0
   Compiling sqlx-macros-core v0.8.6
   Compiling zstd v0.13.3
   Compiling rust-embed-utils v8.12.0
   Compiling postgres-types v0.2.14
   Compiling der-parser v10.0.0
   Compiling shellexpand v3.1.2
   Compiling async-lock v3.4.2
   Compiling kurbo v0.11.3
   Compiling normpath v1.5.1
   Compiling des v0.8.1
   Compiling itertools v0.11.0
   Compiling btoi v0.4.3
   Compiling instant v0.1.13
   Compiling saturating v0.1.0
   Compiling base64 v0.21.7
   Compiling gpui-kit-assets v0.6.0
   Compiling portable-atomic v1.15.0
   Compiling whoami v2.1.3
   Compiling hex-literal v0.4.1
   Compiling russh v0.49.2
   Compiling tokio-postgres v0.7.18
   Compiling rust-i18n-support v4.2.2
   Compiling svgtypes v0.15.3
   Compiling async-fs v2.2.0
   Compiling rust-embed-impl v8.12.0
   Compiling x509-parser v0.17.0
   Compiling windows-targets v0.53.5
   Compiling sqlx-macros v0.8.6
   Compiling hyper-util v0.1.20
   Compiling fancy-regex v0.16.2
   Compiling darling_macro v0.20.11
   Compiling windows-result v0.3.4
   Compiling windows-strings v0.3.1
   Compiling crossbeam v0.8.5
   Compiling xml5ever v0.18.1
   Compiling async-process v2.5.0
   Compiling async-net v2.0.0
   Compiling tokio-rustls v0.26.5
   Compiling rust-i18n v4.2.2
   Compiling socket2 v0.5.10
   Compiling async-executor v1.14.0
   Compiling twox-hash v1.6.3
   Compiling rustls-native-certs v0.8.4
   Compiling fluent-uri v0.1.4
   Compiling pem v3.0.6
   Compiling sync_wrapper v1.0.2
   Compiling keyed_priority_queue v0.4.2
   Compiling bigdecimal v0.4.10
   Compiling bincode v1.3.3
   Compiling serde_repr v0.1.21
   Compiling include_dir_macros v0.7.4
   Compiling roxmltree v0.20.0
   Compiling symlink v0.1.0
   Compiling imagesize v0.13.0
   Compiling rust_decimal v1.43.0
   Compiling str_indices v0.4.4
   Compiling tower-layer v0.3.3
   Compiling zune-core v0.4.12
   Compiling unicode-id v0.3.6
   Compiling markdown v1.0.0
   Compiling zune-jpeg v0.4.21
   Compiling tower v0.5.3
   Compiling ropey v2.0.0-beta.1
   Compiling usvg v0.45.1
   Compiling tracing-appender v0.2.5
   Compiling include_dir v0.7.4
   Compiling lsp-types v0.97.0
   Compiling syntect v5.3.0
   Compiling mysql_async v0.34.2
   Compiling hyper-rustls v0.27.9
   Compiling smol v2.0.2
   Compiling sqlx v0.8.6
   Compiling markup5ever_rcdom v0.3.0
   Compiling windows-registry v0.4.0
   Compiling darling v0.20.11
   Compiling gpui-pre-platform v0.3.4
   Compiling rust-embed v8.12.0
   Compiling rust-i18n-macro v4.2.2
   Compiling postgres-native-tls v0.5.3
   Compiling notify-types v1.0.1
   Compiling rustls-platform-verifier v0.7.0
   Compiling gif v0.13.3
   Compiling http-body-util v0.1.5
   Compiling rustls-pemfile v2.2.0
   Compiling sqlglot-rust v0.9.25
   Compiling enum-iterator-derive v1.5.0
   Compiling gpui-component v0.6.0
   Compiling ipnet v2.12.2
   Compiling gpui-pre-reqwest v0.12.15
   Compiling enum-iterator v2.3.0
   Compiling resvg v0.45.1
   Compiling gpui-pre-http-client-tls v0.3.4
   Compiling notify v7.0.0
   Compiling ferroid v1.0.2
   Compiling gpui-base v0.6.0
   Compiling dummy v0.12.0
   Compiling gpui-component-macros v0.6.0
   Compiling random_color v1.1.0
   Compiling ulid v1.2.1
   Compiling geo-types v0.7.20
   Compiling url-escape v0.1.2
   Compiling deunicode v1.6.2
   Compiling fake v5.1.0
   Compiling gpui-pre-reqwest-client v0.3.4
   Compiling gpui-kit v0.6.0
   Compiling duckdb v1.10505.0
   Compiling rds-shared v0.1.0 (D:\RdataStation\RDS\RdataStation-v2\crates\shared)
   Compiling rds-connection v0.1.0 (D:\RdataStation\RDS\RdataStation-v2\crates\connection)
   Compiling rds-engine v0.1.0 (D:\RdataStation\RDS\RdataStation-v2\crates\engine)
   Compiling rds-mock v0.1.0 (D:\RdataStation\RDS\RdataStation-v2\crates\mock)
   Compiling rds-insight v0.1.0 (D:\RdataStation\RDS\RdataStation-v2\crates\insight)
   Compiling rds-workbench v0.1.0 (D:\RdataStation\RDS\RdataStation-v2\crates\workbench)
warning: unused variable: `n`
   --> crates\workbench\src\panels.rs:327:17
    |
327 |             let n = N.fetch_add(1, Ordering::Relaxed);
    |                 ^ help: if this is intentional, prefix it with an underscore: `_n`
    |
    = note: `#[warn(unused_variables)]` (part of `#[warn(unused)]`) on by default

warning: unused variable: `n`
   --> crates\workbench\src\view.rs:275:17
    |
275 |             let n = N.fetch_add(1, Ordering::Relaxed);
    |                 ^ help: if this is intentional, prefix it with an underscore: `_n`

   Compiling rds-app v0.1.0 (D:\RdataStation\RDS\RdataStation-v2\crates\app)
warning: `rds-workbench` (lib) generated 2 warnings (run `cargo fix --lib -p rds-workbench` to apply 2 suggestions)
warning: linker stdout: 正在创建库 D:\RdataStation\RDS\RdataStation-v2\target\debug\deps\rds_app.lib 和对象 D:\RdataStation\RDS
\RdataStation-v2\target\debug\deps\rds_app.exp
  |
  = note: `#[warn(linker_messages)]` on by default

warning: `rds-app` (bin "rds-app") generated 1 warning
    Finished `dev` profile [unoptimized + debuginfo] target(s) in 25m 20s
