cargo :    Compiling rds-mock v0.1.0 (D:\RdataStation\RDS\RdataStation-v2\crates\mock)
所在位置 行:1 字符: 72
+ ... orrow2.py"; cargo test -p rds-workbench -j 2 --manifest-path "D:\Rdat ...
+                 ~~~~~~~~~~~~~~~~~~~~~~~~~~~~~~~~~~~~~~~~~~~~~~~~~~~~~~~~~
    + CategoryInfo          : NotSpecified: (   Compiling rd...v2\crates\mock):String) [], RemoteException
    + FullyQualifiedErrorId : NativeCommandError
 
   Compiling rds-workbench v0.1.0 (D:\RdataStation\RDS\RdataStation-v2\crates\workbench)
warning: linker stdout: 正在创建库 D:\RdataStation\RDS\RdataStation-v2\target\debug\examples\seed_demo.lib 和对象 D:\RdataStati
on\RDS\RdataStation-v2\target\debug\examples\seed_demo.exp
  |
  = note: `#[warn(linker_messages)]` on by default

warning: `rds-workbench` (example "seed_demo") generated 1 warning
warning: linker stdout: 正在创建库 D:\RdataStation\RDS\RdataStation-v2\target\debug\deps\rds_workbench-e479c56af6db683d.lib 
和对象 D:\RdataStation\RDS\RdataStation-v2\target\debug\deps\rds_workbench-e479c56af6db683d.exp
  |
  = note: `#[warn(linker_messages)]` on by default

warning: `rds-workbench` (lib test) generated 1 warning
warning: linker stdout: 正在创建库 D:\RdataStation\RDS\RdataStation-v2\target\debug\deps\db_navigator-2893d107d270c7b7.lib 和
对象 D:\RdataStation\RDS\RdataStation-v2\target\debug\deps\db_navigator-2893d107d270c7b7.exp
  |
  = note: `#[warn(linker_messages)]` on by default

warning: `rds-workbench` (test "db_navigator") generated 1 warning
warning: linker stdout: 正在创建库 D:\RdataStation\RDS\RdataStation-v2\target\debug\deps\mock_generator-93bcddb2e150ffdc.lib
 和对象 D:\RdataStation\RDS\RdataStation-v2\target\debug\deps\mock_generator-93bcddb2e150ffdc.exp
  |
  = note: `#[warn(linker_messages)]` on by default

warning: `rds-workbench` (test "mock_generator") generated 1 warning
warning: linker stdout: 正在创建库 D:\RdataStation\RDS\RdataStation-v2\target\debug\deps\query_history-4cff723e830ec1ba.lib 
和对象 D:\RdataStation\RDS\RdataStation-v2\target\debug\deps\query_history-4cff723e830ec1ba.exp
  |
  = note: `#[warn(linker_messages)]` on by default

warning: `rds-workbench` (test "query_history") generated 1 warning
warning: linker stdout: 正在创建库 D:\RdataStation\RDS\RdataStation-v2\target\debug\deps\query_export-65a9394bb73b224d.lib 和
对象 D:\RdataStation\RDS\RdataStation-v2\target\debug\deps\query_export-65a9394bb73b224d.exp
  |
  = note: `#[warn(linker_messages)]` on by default

warning: `rds-workbench` (test "query_export") generated 1 warning
warning: linker stdout: 正在创建库 D:\RdataStation\RDS\RdataStation-v2\target\debug\deps\query_runner-5e24a99702d70449.lib 和
对象 D:\RdataStation\RDS\RdataStation-v2\target\debug\deps\query_runner-5e24a99702d70449.exp
  |
  = note: `#[warn(linker_messages)]` on by default

warning: `rds-workbench` (test "query_runner") generated 1 warning
warning: linker stdout: 正在创建库 D:\RdataStation\RDS\RdataStation-v2\target\debug\deps\real_connections-61da885b3bba9f6d.l
ib 和对象 D:\RdataStation\RDS\RdataStation-v2\target\debug\deps\real_connections-61da885b3bba9f6d.exp
  |
  = note: `#[warn(linker_messages)]` on by default

warning: `rds-workbench` (test "real_connections") generated 1 warning
    Finished `test` profile [unoptimized + debuginfo] target(s) in 2m 34s
     Running unittests src\lib.rs (D:\RdataStation\RDS\RdataStation-v2\target\debug\deps\rds_workbench-e479c56af6db683d
.exe)

running 8 tests
test services::secret_integration::tests::test_db_type_mapping ... ok
test services::secret_integration::tests::test_parse_file_db ... ok
test services::secret_integration::tests::test_parse_full_url ... ok
test services::secret_integration::tests::test_parse_without_creds ... ok
test services::connection_service::tests::test_connect_empty_url ... ok
test services::secret_integration::tests::test_secret_name_sanitize ... ok
test services::connection_service::tests::test_connect_invalid_db_type ... ok
test services::secret_integration::tests::test_register_postgres_secret_roundtrip ... ok

test result: ok. 8 passed; 0 failed; 0 ignored; 0 measured; 0 filtered out; finished in 0.22s

     Running tests\db_navigator.rs (D:\RdataStation\RDS\RdataStation-v2\target\debug\deps\db_navigator-2893d107d270c7b7
.exe)

running 2 tests
test navigator_empty_db_returns_empty ... ok
test navigator_reads_tables_and_columns ... ok

test result: ok. 2 passed; 0 failed; 0 ignored; 0 measured; 0 filtered out; finished in 0.23s

     Running tests\mock_generator.rs (D:\RdataStation\RDS\RdataStation-v2\target\debug\deps\mock_generator-93bcddb2e150
ffdc.exe)

running 3 tests
test parse_data_type_maps_common_types ... ok
test generate_for_table_empty_columns_errors ... ok
test generate_for_table_writes_rows_to_duckdb ... ok

test result: ok. 3 passed; 0 failed; 0 ignored; 0 measured; 0 filtered out; finished in 0.55s

     Running tests\query_export.rs (D:\RdataStation\RDS\RdataStation-v2\target\debug\deps\query_export-65a9394bb73b224d
.exe)

running 3 tests
test export_csv_empty_rows_only_header ... ok
test export_csv_escapes_commas_quotes_and_newlines ... ok
test export_to_default_writes_readable_file ... ok

test result: ok. 3 passed; 0 failed; 0 ignored; 0 measured; 0 filtered out; finished in 0.01s

     Running tests\query_history.rs (D:\RdataStation\RDS\RdataStation-v2\target\debug\deps\query_history-4cff723e830ec1
ba.exe)

running 3 tests
test history_missing_file_loads_empty_and_blank_sql_ignored ... ok
test history_roundtrip_and_dedupe ... ok
test history_cap_at_20_newest_first ... ok

test result: ok. 3 passed; 0 failed; 0 ignored; 0 measured; 0 filtered out; finished in 0.13s

     Running tests\query_runner.rs (D:\RdataStation\RDS\RdataStation-v2\target\debug\deps\query_runner-5e24a99702d70449
.exe)

running 3 tests
test execute_sql_errors_on_empty_sql ... ok
test execute_sql_invalid_sql_reports_error ... ok
test execute_sql_select_returns_columns_and_rows ... ok

test result: ok. 3 passed; 0 failed; 0 ignored; 0 measured; 0 filtered out; finished in 0.18s

     Running tests\real_connections.rs (D:\RdataStation\RDS\RdataStation-v2\target\debug\deps\real_connections-61da885b
3bba9f6d.exe)

running 5 tests
test global_db_roundtrip_maps_to_connection_items ... ok
test empty_db_returns_empty_list ... ok
test second_connection_persists_after_reopen ... ok
test save_connection_at_then_load_roundtrip ... ok
test delete_connection_at_removes_from_list ... ok

test result: ok. 5 passed; 0 failed; 0 ignored; 0 measured; 0 filtered out; finished in 2.00s

   Doc-tests rds_workbench

running 0 tests

test result: ok. 0 passed; 0 failed; 0 ignored; 0 measured; 0 filtered out; finished in 0.00s

