[dbg] WV-render
[dbg] EP-render
[dbg] EP-lazy-done
[dbg] EP-theme-done
[dbg] EP-detail-entry
[dbg] EP-detail-rows-div
[dbg] EP-detail-rows-done
[dbg] EP-detail-card-done
[dbg] EP-detail-done
[dbg] EP-nav-done
[dbg] WV-render
[dbg] EP-render
[dbg] EP-lazy-done
[dbg] EP-theme-done
[dbg] EP-detail-entry
[dbg] EP-detail-rows-div
[dbg] EP-detail-rows-done
[dbg] EP-detail-card-done
[dbg] EP-detail-done
[dbg] EP-nav-done
[dbg] WV-render
[dbg] EP-render
[dbg] EP-lazy-done
[dbg] EP-theme-done
[dbg] EP-detail-entry
[dbg] EP-detail-rows-div
[dbg] EP-detail-rows-done
[dbg] EP-detail-card-done
[dbg] EP-detail-done
[dbg] EP-nav-done
